// Jest Snapshot v1, https://goo.gl/fbAQLP

exports[`/api/calls POST / / - get chats 1`] = `
Object {
  "entities": Object {},
}
`;

exports[`/api/calls POST / / - post post call 1`] = `
Object {
  "entities": Object {},
}
`;

exports[`/api/calls POST / / - post pre call 1`] = `
Object {
  "entities": Object {},
}
`;
