// Jest Snapshot v1, https://goo.gl/fbAQLP

exports[`/api/sentRecalls GET / retrieve sent recall 1`] = `
Object {
  "entities": Object {
    "patients": Object {
      "10518e11-b9d2-4d74-9887-29eaae7b5938": Object {
        "accountId": "62954241-3652-4792-bae5-5bfed53d37b7",
        "address": null,
        "birthDate": "1980-01-01T07:00:00.000Z",
        "email": "testpatient@test.com",
        "familyId": null,
        "firstName": "Ronald",
        "gender": null,
        "id": "10518e11-b9d2-4d74-9887-29eaae7b5938",
        "isDeleted": false,
        "isSyncedWithPMS": false,
        "language": null,
        "lastName": "Mcdonald",
        "middleName": null,
        "mobilePhoneNumber": "+17789999999",
        "patientUserId": null,
        "phoneNumber": null,
        "pmsId": null,
        "prefName": null,
        "preferences": Object {
          "afternoon": true,
          "birthdayMessage": true,
          "emailNotifications": true,
          "evening": true,
          "morning": true,
          "newsletter": true,
          "phone": true,
          "reminders": true,
          "sms": true,
          "weekdays": true,
          "weekends": true,
        },
        "status": "Active",
        "type": null,
      },
    },
    "recalls": Object {
      "d5ab9bc0-f0e6-4538-99ae-2fe7f920abf4": Object {
        "accountId": "62954241-3652-4792-bae5-5bfed53d37b7",
        "id": "d5ab9bc0-f0e6-4538-99ae-2fe7f920abf4",
        "lengthSeconds": null,
        "primaryType": "sms",
      },
    },
    "sentRecalls": Object {
      "689b7e40-0bff-40ea-bdeb-ff08d055075f": Object {
        "accountId": "62954241-3652-4792-bae5-5bfed53d37b7",
        "id": "689b7e40-0bff-40ea-bdeb-ff08d055075f",
        "isSent": false,
        "lengthSeconds": 540,
        "patient": "10518e11-b9d2-4d74-9887-29eaae7b5938",
        "patientId": "10518e11-b9d2-4d74-9887-29eaae7b5938",
        "primaryType": "sms",
        "recall": "d5ab9bc0-f0e6-4538-99ae-2fe7f920abf4",
        "recallId": "d5ab9bc0-f0e6-4538-99ae-2fe7f920abf4",
      },
    },
  },
  "result": Array [
    "689b7e40-0bff-40ea-bdeb-ff08d055075f",
  ],
}
`;
