// Jest Snapshot v1, https://goo.gl/fbAQLP

exports[`/api/accounts/:accountId/invites GET /api/accounts/:accountId/invites should fetch 2 invites 1`] = `
Object {
  "entities": Object {
    "invites": Object {
      "23d4e661-1155-4494-8fdb-c4ec0ddf804d": Object {
        "accountId": "62954241-3652-4792-bae5-5bfed53d37b7",
        "email": "invite@test.com",
        "enterpriseId": "c5ab9bc0-f0e6-4538-99ae-2fe7f920abf4",
        "id": "23d4e661-1155-4494-8fdb-c4ec0ddf804d",
        "sendingUserId": "5668f250-e8c9-46e3-bfff-0249f1eec6b8",
        "token": "6778f250-e8c9-46e3-bfff-0249f1eec6b8",
      },
      "46d4e661-1155-4494-8fdb-c4ec0ddf804d": Object {
        "accountId": "62954241-3652-4792-bae5-5bfed53d37b7",
        "email": "invite@test.com",
        "enterpriseId": "c5ab9bc0-f0e6-4538-99ae-2fe7f920abf4",
        "id": "46d4e661-1155-4494-8fdb-c4ec0ddf804d",
        "sendingUserId": "5668f250-e8c9-46e3-bfff-0249f1eec6b8",
        "token": "8998f250-e8c9-46e3-bfff-0249f1eec6b8",
      },
    },
  },
  "result": Array [
    "46d4e661-1155-4494-8fdb-c4ec0ddf804d",
    "23d4e661-1155-4494-8fdb-c4ec0ddf804d",
  ],
}
`;

exports[`/api/accounts/:accountId/invites POST /api/accounts/:accountId/invites should create an invite 1`] = `
Object {
  "accountId": "62954241-3652-4792-bae5-5bfed53d37b7",
  "email": "invite@test.com",
  "enterpriseId": "c5ab9bc0-f0e6-4538-99ae-2fe7f920abf4",
  "id": "11d4e661-1155-4494-8fdb-c4ec0ddf804d",
  "sendingUserId": "5668f250-e8c9-46e3-bfff-0249f1eec6b8",
}
`;
