// Jest Snapshot v1, https://goo.gl/fbAQLP

exports[`/api/patientRecalls DELETE / /:patientRecallId - delete a patientRecall 1`] = `
Object {
  "entities": Object {},
}
`;

exports[`/api/patientRecalls DELETE / /:patientRecallId - delete a patientRecall and then undelete it with batch 1`] = `
Object {
  "entities": Object {
    "patientRecalls": Object {
      "28336eb6-2083-490a-9164-728282758069": Object {
        "accountId": "62954241-3652-4792-bae5-5bfed53d37b7",
        "dueDate": "2018-04-25T00:14:30.932Z",
        "id": "28336eb6-2083-490a-9164-728282758069",
        "patientId": "10518e11-b9d2-4d74-9887-29eaae7b5938",
        "pmsId": "3",
        "type": "HYGIENE",
      },
    },
  },
  "result": Array [
    "28336eb6-2083-490a-9164-728282758069",
  ],
}
`;
