// Jest Snapshot v1, https://goo.gl/fbAQLP

exports[`/api/revenue GET / retrieve total revenue for a date in the future 1`] = `
Object {
  "data": Object {
    "2020-08-03T06:59:59.999Z": 0,
    "2020-08-04T06:59:59.999Z": 0,
    "2020-08-05T06:59:59.999Z": 100,
    "2020-08-06T06:59:59.999Z": 100,
    "average": 50,
  },
}
`;

exports[`/api/revenue GET / retrieve total revenue for a date in the past 1`] = `
Object {
  "data": Object {
    "average": 0,
  },
}
`;

exports[`/api/revenue GET / retrieve total revenue for the current day 1`] = `
Object {
  "data": 1400,
}
`;
