// Jest Snapshot v1, https://goo.gl/fbAQLP

exports[`/api/sentReminders GET / retrieve sent reminder 1`] = `
Object {
  "entities": Object {
    "reminders": Object {
      "d5ab9bc0-f0e6-4538-99ae-2fe7f920abf4": Object {
        "accountId": "62954241-3652-4792-bae5-5bfed53d37b7",
        "customConfirmData": null,
        "dailyRunTime": null,
        "dontSendWhenClosed": false,
        "id": "d5ab9bc0-f0e6-4538-99ae-2fe7f920abf4",
        "ignoreSendIfConfirmed": false,
        "interval": "2 days",
        "isActive": true,
        "isConfirmable": true,
        "isCustomConfirm": false,
        "isDaily": false,
        "isDeleted": false,
        "lengthSeconds": null,
        "omitChairIds": Array [],
        "omitPractitionerIds": Array [],
        "primaryType": "email",
        "primaryTypes": Array [
          "sms",
        ],
        "startTime": null,
      },
    },
    "sentReminders": Array [
      Object {
        "accountId": "62954241-3652-4792-bae5-5bfed53d37b7",
        "appointment": Object {
          "accountId": "62954241-3652-4792-bae5-5bfed53d37b7",
          "chairId": null,
          "customBufferTime": null,
          "endDate": "2017-12-31T00:16:30.932Z",
          "estimatedRevenue": null,
          "isBookable": false,
          "isCancelled": false,
          "isDeleted": false,
          "isMissed": false,
          "isPatientConfirmed": false,
          "isPending": false,
          "isPreConfirmed": null,
          "isRecall": null,
          "isReminderSent": true,
          "isShortCancelled": false,
          "isSyncedWithPMS": false,
          "isSyncedWithPms": false,
          "mark": false,
          "note": null,
          "originalDate": null,
          "patientId": "10518e11-b9d2-4d74-9887-29eaae7b5938",
          "pmsId": "12",
          "practitionerId": "497ff59a-4bae-4013-bdce-b6b5be91a1f5",
          "reason": null,
          "serviceId": null,
          "startDate": "2017-12-31T00:14:30.932Z",
        },
        "contactedPatientId": "10518e11-b9d2-4d74-9887-29eaae7b5938",
        "errorCode": null,
        "id": "e757afb0-14ef-4763-b162-c573169131c1",
        "interval": null,
        "isConfirmable": true,
        "isConfirmed": false,
        "isFamily": false,
        "isSent": true,
        "lengthSeconds": 540,
        "patient": Object {
          "accountId": "62954241-3652-4792-bae5-5bfed53d37b7",
          "address": null,
          "avatarUrl": null,
          "birthDate": "1980-01-01T00:00:00.932Z",
          "contCareInterval": null,
          "contactMethodNote": null,
          "dueForHygieneDate": null,
          "dueForRecallExamDate": null,
          "email": "testpatient@test.com",
          "familyId": "b35bee92-e86d-4084-87d8-add21a1ba0f6",
          "firstApptDate": null,
          "firstApptId": null,
          "firstName": "Ronald",
          "gender": null,
          "homePhoneNumber": null,
          "hygienePendingAppointmentId": null,
          "insurance": null,
          "insuranceInterval": null,
          "isDeleted": false,
          "isSyncedWithPMS": false,
          "isSyncedWithPms": false,
          "language": null,
          "lastApptDate": null,
          "lastApptId": null,
          "lastHygieneApptId": null,
          "lastHygieneDate": null,
          "lastName": "Mcdonald",
          "lastRecallApptId": null,
          "lastRecallDate": null,
          "lastRestorativeApptId": null,
          "lastRestorativeDate": null,
          "middleName": null,
          "mobilePhoneNumber": "+17789999999",
          "nextApptDate": null,
          "nextApptId": null,
          "omitRecallIds": Array [],
          "omitReminderIds": Array [],
          "otherPhoneNumber": null,
          "patientUserId": null,
          "phoneNumber": null,
          "pmsCreatedAt": null,
          "pmsId": "12",
          "prefContactPhone": null,
          "prefName": null,
          "preferences": Object {
            "afternoon": true,
            "birthdayMessage": true,
            "emailNotifications": true,
            "evening": true,
            "morning": true,
            "newsletter": true,
            "phone": true,
            "recalls": true,
            "referrals": true,
            "reminders": true,
            "reviews": true,
            "sms": true,
            "weekdays": true,
            "weekends": true,
          },
          "recallPendingAppointmentId": null,
          "status": "Active",
          "type": null,
          "workPhoneNumber": null,
        },
        "primaryType": "email",
        "reminder": "d5ab9bc0-f0e6-4538-99ae-2fe7f920abf4",
        "reminderId": "d5ab9bc0-f0e6-4538-99ae-2fe7f920abf4",
        "sentRemindersPatients": Array [
          Object {
            "appointment": Object {
              "accountId": "62954241-3652-4792-bae5-5bfed53d37b7",
              "chairId": null,
              "customBufferTime": null,
              "endDate": "2017-12-31T00:16:30.932Z",
              "estimatedRevenue": null,
              "isBookable": false,
              "isCancelled": false,
              "isDeleted": false,
              "isMissed": false,
              "isPatientConfirmed": false,
              "isPending": false,
              "isPreConfirmed": null,
              "isRecall": null,
              "isReminderSent": true,
              "isShortCancelled": false,
              "isSyncedWithPMS": false,
              "isSyncedWithPms": false,
              "mark": false,
              "note": null,
              "originalDate": null,
              "patientId": "10518e11-b9d2-4d74-9887-29eaae7b5938",
              "pmsId": "12",
              "practitionerId": "497ff59a-4bae-4013-bdce-b6b5be91a1f5",
              "reason": null,
              "serviceId": null,
              "startDate": "2017-12-31T00:14:30.932Z",
            },
            "appointmentId": "6b215a42-5c33-4f94-8313-d89893ae2f36",
            "patient": Object {
              "accountId": "62954241-3652-4792-bae5-5bfed53d37b7",
              "address": null,
              "avatarUrl": null,
              "birthDate": "1980-01-01T00:00:00.932Z",
              "contCareInterval": null,
              "contactMethodNote": null,
              "dueForHygieneDate": null,
              "dueForRecallExamDate": null,
              "email": "testpatient@test.com",
              "familyId": "b35bee92-e86d-4084-87d8-add21a1ba0f6",
              "firstApptDate": null,
              "firstApptId": null,
              "firstName": "Ronald",
              "gender": null,
              "homePhoneNumber": null,
              "hygienePendingAppointmentId": null,
              "insurance": null,
              "insuranceInterval": null,
              "isDeleted": false,
              "isSyncedWithPMS": false,
              "isSyncedWithPms": false,
              "language": null,
              "lastApptDate": null,
              "lastApptId": null,
              "lastHygieneApptId": null,
              "lastHygieneDate": null,
              "lastName": "Mcdonald",
              "lastRecallApptId": null,
              "lastRecallDate": null,
              "lastRestorativeApptId": null,
              "lastRestorativeDate": null,
              "middleName": null,
              "mobilePhoneNumber": "+17789999999",
              "nextApptDate": null,
              "nextApptId": null,
              "omitRecallIds": Array [],
              "omitReminderIds": Array [],
              "otherPhoneNumber": null,
              "patientUserId": null,
              "phoneNumber": null,
              "pmsCreatedAt": null,
              "pmsId": "12",
              "prefContactPhone": null,
              "prefName": null,
              "preferences": Object {
                "afternoon": true,
                "birthdayMessage": true,
                "emailNotifications": true,
                "evening": true,
                "morning": true,
                "newsletter": true,
                "phone": true,
                "recalls": true,
                "referrals": true,
                "reminders": true,
                "reviews": true,
                "sms": true,
                "weekdays": true,
                "weekends": true,
              },
              "recallPendingAppointmentId": null,
              "status": "Active",
              "type": null,
              "workPhoneNumber": null,
            },
            "patientId": "10518e11-b9d2-4d74-9887-29eaae7b5938",
            "sentRemindersId": "e757afb0-14ef-4763-b162-c573169131c1",
          },
        ],
      },
    ],
  },
  "result": Array [
    "e757afb0-14ef-4763-b162-c573169131c1",
  ],
}
`;
