// Jest Snapshot v1, https://goo.gl/fbAQLP

exports[`/api/textMessages GET / /conversations - retrieve conversations 1`] = `
Object {
  "entities": Object {},
  "result": Array [],
}
`;

exports[`/api/textMessages GET / /twilio - retrieve twilio messages 1`] = `
Object {
  "end": 49,
  "entities": Object {},
  "firstPageUri": "/2010-04-01/Accounts/ACe874663202cfbbaec4be1ba33869f421/Messages.json?PageSize=50&Page=0",
  "first_page_uri": "/2010-04-01/Accounts/ACe874663202cfbbaec4be1ba33869f421/Messages.json?PageSize=50&Page=0",
  "messages": Array [
    Object {
      "accountSid": "ACe874663202cfbbaec4be1ba33869f421",
      "account_sid": "ACe874663202cfbbaec4be1ba33869f421",
      "apiVersion": "2010-04-01",
      "api_version": "2010-04-01",
      "body": "Weekend Specials! Enjoy to 50% off on Punjabi channels starting CAD99.99/yr. Call 18666637557 or visit www.yupptv.com. Reply STOP to unsubscribe",
      "dateCreated": "2017-07-23T17:29:38.000Z",
      "dateSent": "2017-07-23T17:29:39.000Z",
      "dateUpdated": "2017-07-23T17:29:39.000Z",
      "date_created": "Sun, 23 Jul 2017 17:29:38 +0000",
      "date_sent": "Sun, 23 Jul 2017 17:29:39 +0000",
      "date_updated": "Sun, 23 Jul 2017 17:29:39 +0000",
      "direction": "inbound",
      "errorCode": null,
      "errorMessage": null,
      "error_code": null,
      "error_message": null,
      "from": "+12048098679",
      "messagingServiceSid": null,
      "messaging_service_sid": null,
      "numMedia": "0",
      "numSegments": "1",
      "num_media": "0",
      "num_segments": "1",
      "price": "-0.00750",
      "priceUnit": "USD",
      "price_unit": "USD",
      "sid": "SM4ab874fb3f318e647b2c20e79b641bf6",
      "status": "received",
      "subresourceUris": Object {
        "media": "/2010-04-01/Accounts/ACe874663202cfbbaec4be1ba33869f421/Messages/SM4ab874fb3f318e647b2c20e79b641bf6/Media.json",
      },
      "subresource_uris": Object {
        "media": "/2010-04-01/Accounts/ACe874663202cfbbaec4be1ba33869f421/Messages/SM4ab874fb3f318e647b2c20e79b641bf6/Media.json",
      },
      "to": "+16042435228",
      "uri": "/2010-04-01/Accounts/ACe874663202cfbbaec4be1ba33869f421/Messages/SM4ab874fb3f318e647b2c20e79b641bf6.json",
    },
    Object {
      "accountSid": "ACe874663202cfbbaec4be1ba33869f421",
      "account_sid": "ACe874663202cfbbaec4be1ba33869f421",
      "apiVersion": "2010-04-01",
      "api_version": "2010-04-01",
      "body": "Weekend Specials! Enjoy to 50% off on Punjabi channels starting CAD99.99/yr. Call 18666637557 or visit www.yupptv.com. Reply STOP to unsubscribe",
      "dateCreated": "2017-07-22T17:32:36.000Z",
      "dateSent": "2017-07-22T17:32:37.000Z",
      "dateUpdated": "2017-07-22T17:32:37.000Z",
      "date_created": "Sat, 22 Jul 2017 17:32:36 +0000",
      "date_sent": "Sat, 22 Jul 2017 17:32:37 +0000",
      "date_updated": "Sat, 22 Jul 2017 17:32:37 +0000",
      "direction": "inbound",
      "errorCode": null,
      "errorMessage": null,
      "error_code": null,
      "error_message": null,
      "from": "+12048098679",
      "messagingServiceSid": null,
      "messaging_service_sid": null,
      "numMedia": "0",
      "numSegments": "1",
      "num_media": "0",
      "num_segments": "1",
      "price": "-0.00750",
      "priceUnit": "USD",
      "price_unit": "USD",
      "sid": "SMdfbdd6f57e2fd72167881665b1049f50",
      "status": "received",
      "subresourceUris": Object {
        "media": "/2010-04-01/Accounts/ACe874663202cfbbaec4be1ba33869f421/Messages/SMdfbdd6f57e2fd72167881665b1049f50/Media.json",
      },
      "subresource_uris": Object {
        "media": "/2010-04-01/Accounts/ACe874663202cfbbaec4be1ba33869f421/Messages/SMdfbdd6f57e2fd72167881665b1049f50/Media.json",
      },
      "to": "+16042435228",
      "uri": "/2010-04-01/Accounts/ACe874663202cfbbaec4be1ba33869f421/Messages/SMdfbdd6f57e2fd72167881665b1049f50.json",
    },
    Object {
      "accountSid": "ACe874663202cfbbaec4be1ba33869f421",
      "account_sid": "ACe874663202cfbbaec4be1ba33869f421",
      "apiVersion": "2010-04-01",
      "api_version": "2010-04-01",
      "body": "7762 is your CareCru verification code.",
      "dateCreated": "2017-07-20T23:35:27.000Z",
      "dateSent": "2017-07-20T23:35:27.000Z",
      "dateUpdated": "2017-07-20T23:35:28.000Z",
      "date_created": "Thu, 20 Jul 2017 23:35:27 +0000",
      "date_sent": "Thu, 20 Jul 2017 23:35:27 +0000",
      "date_updated": "Thu, 20 Jul 2017 23:35:28 +0000",
      "direction": "outbound-api",
      "errorCode": null,
      "errorMessage": null,
      "error_code": null,
      "error_message": null,
      "from": "+16047571559",
      "messagingServiceSid": null,
      "messaging_service_sid": null,
      "numMedia": "0",
      "numSegments": "1",
      "num_media": "0",
      "num_segments": "1",
      "price": "-0.00750",
      "priceUnit": "USD",
      "price_unit": "USD",
      "sid": "SMb01ea2c04e2a4b70af0b6002911c1c7b",
      "status": "delivered",
      "subresourceUris": Object {
        "media": "/2010-04-01/Accounts/ACe874663202cfbbaec4be1ba33869f421/Messages/SMb01ea2c04e2a4b70af0b6002911c1c7b/Media.json",
      },
      "subresource_uris": Object {
        "media": "/2010-04-01/Accounts/ACe874663202cfbbaec4be1ba33869f421/Messages/SMb01ea2c04e2a4b70af0b6002911c1c7b/Media.json",
      },
      "to": "+17787130050",
      "uri": "/2010-04-01/Accounts/ACe874663202cfbbaec4be1ba33869f421/Messages/SMb01ea2c04e2a4b70af0b6002911c1c7b.json",
    },
    Object {
      "accountSid": "ACe874663202cfbbaec4be1ba33869f421",
      "account_sid": "ACe874663202cfbbaec4be1ba33869f421",
      "apiVersion": "2010-04-01",
      "api_version": "2010-04-01",
      "body": "4376 is your CareCru verification code.",
      "dateCreated": "2017-07-18T23:03:26.000Z",
      "dateSent": "2017-07-18T23:03:26.000Z",
      "dateUpdated": "2017-07-18T23:03:27.000Z",
      "date_created": "Tue, 18 Jul 2017 23:03:26 +0000",
      "date_sent": "Tue, 18 Jul 2017 23:03:26 +0000",
      "date_updated": "Tue, 18 Jul 2017 23:03:27 +0000",
      "direction": "outbound-api",
      "errorCode": null,
      "errorMessage": null,
      "error_code": null,
      "error_message": null,
      "from": "+16047571559",
      "messagingServiceSid": null,
      "messaging_service_sid": null,
      "numMedia": "0",
      "numSegments": "1",
      "num_media": "0",
      "num_segments": "1",
      "price": "-0.00750",
      "priceUnit": "USD",
      "price_unit": "USD",
      "sid": "SM0fa69b8dde3b408abffc954a4cf159db",
      "status": "delivered",
      "subresourceUris": Object {
        "media": "/2010-04-01/Accounts/ACe874663202cfbbaec4be1ba33869f421/Messages/SM0fa69b8dde3b408abffc954a4cf159db/Media.json",
      },
      "subresource_uris": Object {
        "media": "/2010-04-01/Accounts/ACe874663202cfbbaec4be1ba33869f421/Messages/SM0fa69b8dde3b408abffc954a4cf159db/Media.json",
      },
      "to": "+16049393939",
      "uri": "/2010-04-01/Accounts/ACe874663202cfbbaec4be1ba33869f421/Messages/SM0fa69b8dde3b408abffc954a4cf159db.json",
    },
    Object {
      "accountSid": "ACe874663202cfbbaec4be1ba33869f421",
      "account_sid": "ACe874663202cfbbaec4be1ba33869f421",
      "apiVersion": "2010-04-01",
      "api_version": "2010-04-01",
      "body": "5828 is your CareCru verification code.",
      "dateCreated": "2017-07-18T23:01:08.000Z",
      "dateSent": "2017-07-18T23:01:08.000Z",
      "dateUpdated": "2017-07-18T23:01:08.000Z",
      "date_created": "Tue, 18 Jul 2017 23:01:08 +0000",
      "date_sent": "Tue, 18 Jul 2017 23:01:08 +0000",
      "date_updated": "Tue, 18 Jul 2017 23:01:08 +0000",
      "direction": "outbound-api",
      "errorCode": null,
      "errorMessage": null,
      "error_code": null,
      "error_message": null,
      "from": "+16047571559",
      "messagingServiceSid": null,
      "messaging_service_sid": null,
      "numMedia": "0",
      "numSegments": "1",
      "num_media": "0",
      "num_segments": "1",
      "price": "-0.00750",
      "priceUnit": "USD",
      "price_unit": "USD",
      "sid": "SM41f585b390eb4957827384973b929e2c",
      "status": "delivered",
      "subresourceUris": Object {
        "media": "/2010-04-01/Accounts/ACe874663202cfbbaec4be1ba33869f421/Messages/SM41f585b390eb4957827384973b929e2c/Media.json",
      },
      "subresource_uris": Object {
        "media": "/2010-04-01/Accounts/ACe874663202cfbbaec4be1ba33869f421/Messages/SM41f585b390eb4957827384973b929e2c/Media.json",
      },
      "to": "+16045062311",
      "uri": "/2010-04-01/Accounts/ACe874663202cfbbaec4be1ba33869f421/Messages/SM41f585b390eb4957827384973b929e2c.json",
    },
    Object {
      "accountSid": "ACe874663202cfbbaec4be1ba33869f421",
      "account_sid": "ACe874663202cfbbaec4be1ba33869f421",
      "apiVersion": "2010-04-01",
      "api_version": "2010-04-01",
      "body": "8537 is your CareCru verification code.",
      "dateCreated": "2017-07-17T23:54:06.000Z",
      "dateSent": "2017-07-17T23:54:06.000Z",
      "dateUpdated": "2017-07-17T23:54:06.000Z",
      "date_created": "Mon, 17 Jul 2017 23:54:06 +0000",
      "date_sent": "Mon, 17 Jul 2017 23:54:06 +0000",
      "date_updated": "Mon, 17 Jul 2017 23:54:06 +0000",
      "direction": "outbound-api",
      "errorCode": null,
      "errorMessage": null,
      "error_code": null,
      "error_message": null,
      "from": "+16047571559",
      "messagingServiceSid": null,
      "messaging_service_sid": null,
      "numMedia": "0",
      "numSegments": "1",
      "num_media": "0",
      "num_segments": "1",
      "price": "-0.00750",
      "priceUnit": "USD",
      "price_unit": "USD",
      "sid": "SM3324b0b65b1746d99c5e6abaa0a409ca",
      "status": "delivered",
      "subresourceUris": Object {
        "media": "/2010-04-01/Accounts/ACe874663202cfbbaec4be1ba33869f421/Messages/SM3324b0b65b1746d99c5e6abaa0a409ca/Media.json",
      },
      "subresource_uris": Object {
        "media": "/2010-04-01/Accounts/ACe874663202cfbbaec4be1ba33869f421/Messages/SM3324b0b65b1746d99c5e6abaa0a409ca/Media.json",
      },
      "to": "+16048076210",
      "uri": "/2010-04-01/Accounts/ACe874663202cfbbaec4be1ba33869f421/Messages/SM3324b0b65b1746d99c5e6abaa0a409ca.json",
    },
    Object {
      "accountSid": "ACe874663202cfbbaec4be1ba33869f421",
      "account_sid": "ACe874663202cfbbaec4be1ba33869f421",
      "apiVersion": "2010-04-01",
      "api_version": "2010-04-01",
      "body": "7507 is your CareCru verification code.",
      "dateCreated": "2017-07-17T22:32:07.000Z",
      "dateSent": "2017-07-17T22:32:07.000Z",
      "dateUpdated": "2017-07-17T22:32:08.000Z",
      "date_created": "Mon, 17 Jul 2017 22:32:07 +0000",
      "date_sent": "Mon, 17 Jul 2017 22:32:07 +0000",
      "date_updated": "Mon, 17 Jul 2017 22:32:08 +0000",
      "direction": "outbound-api",
      "errorCode": null,
      "errorMessage": null,
      "error_code": null,
      "error_message": null,
      "from": "+16047571559",
      "messagingServiceSid": null,
      "messaging_service_sid": null,
      "numMedia": "0",
      "numSegments": "1",
      "num_media": "0",
      "num_segments": "1",
      "price": "-0.00750",
      "priceUnit": "USD",
      "price_unit": "USD",
      "sid": "SMfb1e4571287b40538df2a9064e6d18a9",
      "status": "delivered",
      "subresourceUris": Object {
        "media": "/2010-04-01/Accounts/ACe874663202cfbbaec4be1ba33869f421/Messages/SMfb1e4571287b40538df2a9064e6d18a9/Media.json",
      },
      "subresource_uris": Object {
        "media": "/2010-04-01/Accounts/ACe874663202cfbbaec4be1ba33869f421/Messages/SMfb1e4571287b40538df2a9064e6d18a9/Media.json",
      },
      "to": "+16048076210",
      "uri": "/2010-04-01/Accounts/ACe874663202cfbbaec4be1ba33869f421/Messages/SMfb1e4571287b40538df2a9064e6d18a9.json",
    },
    Object {
      "accountSid": "ACe874663202cfbbaec4be1ba33869f421",
      "account_sid": "ACe874663202cfbbaec4be1ba33869f421",
      "apiVersion": "2010-04-01",
      "api_version": "2010-04-01",
      "body": "8082 is your CareCru verification code.",
      "dateCreated": "2017-07-17T21:50:43.000Z",
      "dateSent": "2017-07-17T21:50:43.000Z",
      "dateUpdated": "2017-07-17T21:50:44.000Z",
      "date_created": "Mon, 17 Jul 2017 21:50:43 +0000",
      "date_sent": "Mon, 17 Jul 2017 21:50:43 +0000",
      "date_updated": "Mon, 17 Jul 2017 21:50:44 +0000",
      "direction": "outbound-api",
      "errorCode": null,
      "errorMessage": null,
      "error_code": null,
      "error_message": null,
      "from": "+16047571559",
      "messagingServiceSid": null,
      "messaging_service_sid": null,
      "numMedia": "0",
      "numSegments": "1",
      "num_media": "0",
      "num_segments": "1",
      "price": "-0.00750",
      "priceUnit": "USD",
      "price_unit": "USD",
      "sid": "SMb789558ca0b543d58a2e9c03b1243a4c",
      "status": "delivered",
      "subresourceUris": Object {
        "media": "/2010-04-01/Accounts/ACe874663202cfbbaec4be1ba33869f421/Messages/SMb789558ca0b543d58a2e9c03b1243a4c/Media.json",
      },
      "subresource_uris": Object {
        "media": "/2010-04-01/Accounts/ACe874663202cfbbaec4be1ba33869f421/Messages/SMb789558ca0b543d58a2e9c03b1243a4c/Media.json",
      },
      "to": "+16048076210",
      "uri": "/2010-04-01/Accounts/ACe874663202cfbbaec4be1ba33869f421/Messages/SMb789558ca0b543d58a2e9c03b1243a4c.json",
    },
    Object {
      "accountSid": "ACe874663202cfbbaec4be1ba33869f421",
      "account_sid": "ACe874663202cfbbaec4be1ba33869f421",
      "apiVersion": "2010-04-01",
      "api_version": "2010-04-01",
      "body": "9541 is your CareCru verification code.",
      "dateCreated": "2017-07-17T21:33:08.000Z",
      "dateSent": "2017-07-17T21:33:09.000Z",
      "dateUpdated": "2017-07-17T21:33:09.000Z",
      "date_created": "Mon, 17 Jul 2017 21:33:08 +0000",
      "date_sent": "Mon, 17 Jul 2017 21:33:09 +0000",
      "date_updated": "Mon, 17 Jul 2017 21:33:09 +0000",
      "direction": "outbound-api",
      "errorCode": null,
      "errorMessage": null,
      "error_code": null,
      "error_message": null,
      "from": "+16047571559",
      "messagingServiceSid": null,
      "messaging_service_sid": null,
      "numMedia": "0",
      "numSegments": "1",
      "num_media": "0",
      "num_segments": "1",
      "price": "-0.00750",
      "priceUnit": "USD",
      "price_unit": "USD",
      "sid": "SM47ccffa9e9a74eae9f1ff2acd3e1aa98",
      "status": "delivered",
      "subresourceUris": Object {
        "media": "/2010-04-01/Accounts/ACe874663202cfbbaec4be1ba33869f421/Messages/SM47ccffa9e9a74eae9f1ff2acd3e1aa98/Media.json",
      },
      "subresource_uris": Object {
        "media": "/2010-04-01/Accounts/ACe874663202cfbbaec4be1ba33869f421/Messages/SM47ccffa9e9a74eae9f1ff2acd3e1aa98/Media.json",
      },
      "to": "+16048076210",
      "uri": "/2010-04-01/Accounts/ACe874663202cfbbaec4be1ba33869f421/Messages/SM47ccffa9e9a74eae9f1ff2acd3e1aa98.json",
    },
    Object {
      "accountSid": "ACe874663202cfbbaec4be1ba33869f421",
      "account_sid": "ACe874663202cfbbaec4be1ba33869f421",
      "apiVersion": "2010-04-01",
      "api_version": "2010-04-01",
      "body": "6927 is your CareCru verification code.",
      "dateCreated": "2017-07-17T20:44:49.000Z",
      "dateSent": "2017-07-17T20:44:49.000Z",
      "dateUpdated": "2017-07-17T20:44:49.000Z",
      "date_created": "Mon, 17 Jul 2017 20:44:49 +0000",
      "date_sent": "Mon, 17 Jul 2017 20:44:49 +0000",
      "date_updated": "Mon, 17 Jul 2017 20:44:49 +0000",
      "direction": "outbound-api",
      "errorCode": null,
      "errorMessage": null,
      "error_code": null,
      "error_message": null,
      "from": "+16047571559",
      "messagingServiceSid": null,
      "messaging_service_sid": null,
      "numMedia": "0",
      "numSegments": "1",
      "num_media": "0",
      "num_segments": "1",
      "price": "-0.00750",
      "priceUnit": "USD",
      "price_unit": "USD",
      "sid": "SM3d6218298d274865a631d065bbfa0aaf",
      "status": "delivered",
      "subresourceUris": Object {
        "media": "/2010-04-01/Accounts/ACe874663202cfbbaec4be1ba33869f421/Messages/SM3d6218298d274865a631d065bbfa0aaf/Media.json",
      },
      "subresource_uris": Object {
        "media": "/2010-04-01/Accounts/ACe874663202cfbbaec4be1ba33869f421/Messages/SM3d6218298d274865a631d065bbfa0aaf/Media.json",
      },
      "to": "+16048076210",
      "uri": "/2010-04-01/Accounts/ACe874663202cfbbaec4be1ba33869f421/Messages/SM3d6218298d274865a631d065bbfa0aaf.json",
    },
    Object {
      "accountSid": "ACe874663202cfbbaec4be1ba33869f421",
      "account_sid": "ACe874663202cfbbaec4be1ba33869f421",
      "apiVersion": "2010-04-01",
      "api_version": "2010-04-01",
      "body": "1497 is your CareCru verification code.",
      "dateCreated": "2017-07-17T17:18:16.000Z",
      "dateSent": "2017-07-17T17:18:16.000Z",
      "dateUpdated": "2017-07-17T17:18:17.000Z",
      "date_created": "Mon, 17 Jul 2017 17:18:16 +0000",
      "date_sent": "Mon, 17 Jul 2017 17:18:16 +0000",
      "date_updated": "Mon, 17 Jul 2017 17:18:17 +0000",
      "direction": "outbound-api",
      "errorCode": null,
      "errorMessage": null,
      "error_code": null,
      "error_message": null,
      "from": "+16047571559",
      "messagingServiceSid": null,
      "messaging_service_sid": null,
      "numMedia": "0",
      "numSegments": "1",
      "num_media": "0",
      "num_segments": "1",
      "price": "-0.00750",
      "priceUnit": "USD",
      "price_unit": "USD",
      "sid": "SM20e4be6d64e14a8fae922dc832006251",
      "status": "delivered",
      "subresourceUris": Object {
        "media": "/2010-04-01/Accounts/ACe874663202cfbbaec4be1ba33869f421/Messages/SM20e4be6d64e14a8fae922dc832006251/Media.json",
      },
      "subresource_uris": Object {
        "media": "/2010-04-01/Accounts/ACe874663202cfbbaec4be1ba33869f421/Messages/SM20e4be6d64e14a8fae922dc832006251/Media.json",
      },
      "to": "+17787130050",
      "uri": "/2010-04-01/Accounts/ACe874663202cfbbaec4be1ba33869f421/Messages/SM20e4be6d64e14a8fae922dc832006251.json",
    },
    Object {
      "accountSid": "ACe874663202cfbbaec4be1ba33869f421",
      "account_sid": "ACe874663202cfbbaec4be1ba33869f421",
      "apiVersion": "2010-04-01",
      "api_version": "2010-04-01",
      "body": "4666 is your CareCru verification code.",
      "dateCreated": "2017-07-13T21:05:11.000Z",
      "dateSent": "2017-07-13T21:05:11.000Z",
      "dateUpdated": "2017-07-13T21:05:12.000Z",
      "date_created": "Thu, 13 Jul 2017 21:05:11 +0000",
      "date_sent": "Thu, 13 Jul 2017 21:05:11 +0000",
      "date_updated": "Thu, 13 Jul 2017 21:05:12 +0000",
      "direction": "outbound-api",
      "errorCode": null,
      "errorMessage": null,
      "error_code": null,
      "error_message": null,
      "from": "+16047571559",
      "messagingServiceSid": null,
      "messaging_service_sid": null,
      "numMedia": "0",
      "numSegments": "1",
      "num_media": "0",
      "num_segments": "1",
      "price": "-0.00750",
      "priceUnit": "USD",
      "price_unit": "USD",
      "sid": "SMdec5d63ca32c4c238d317e6150770bbc",
      "status": "delivered",
      "subresourceUris": Object {
        "media": "/2010-04-01/Accounts/ACe874663202cfbbaec4be1ba33869f421/Messages/SMdec5d63ca32c4c238d317e6150770bbc/Media.json",
      },
      "subresource_uris": Object {
        "media": "/2010-04-01/Accounts/ACe874663202cfbbaec4be1ba33869f421/Messages/SMdec5d63ca32c4c238d317e6150770bbc/Media.json",
      },
      "to": "+17787130050",
      "uri": "/2010-04-01/Accounts/ACe874663202cfbbaec4be1ba33869f421/Messages/SMdec5d63ca32c4c238d317e6150770bbc.json",
    },
    Object {
      "accountSid": "ACe874663202cfbbaec4be1ba33869f421",
      "account_sid": "ACe874663202cfbbaec4be1ba33869f421",
      "apiVersion": "2010-04-01",
      "api_version": "2010-04-01",
      "body": "5371 is your CareCru verification code.",
      "dateCreated": "2017-07-13T20:49:25.000Z",
      "dateSent": "2017-07-13T20:49:25.000Z",
      "dateUpdated": "2017-07-13T20:49:26.000Z",
      "date_created": "Thu, 13 Jul 2017 20:49:25 +0000",
      "date_sent": "Thu, 13 Jul 2017 20:49:25 +0000",
      "date_updated": "Thu, 13 Jul 2017 20:49:26 +0000",
      "direction": "outbound-api",
      "errorCode": null,
      "errorMessage": null,
      "error_code": null,
      "error_message": null,
      "from": "+16047571559",
      "messagingServiceSid": null,
      "messaging_service_sid": null,
      "numMedia": "0",
      "numSegments": "1",
      "num_media": "0",
      "num_segments": "1",
      "price": "-0.00750",
      "priceUnit": "USD",
      "price_unit": "USD",
      "sid": "SM638795168c3b4cb9a272a10f3ae87299",
      "status": "delivered",
      "subresourceUris": Object {
        "media": "/2010-04-01/Accounts/ACe874663202cfbbaec4be1ba33869f421/Messages/SM638795168c3b4cb9a272a10f3ae87299/Media.json",
      },
      "subresource_uris": Object {
        "media": "/2010-04-01/Accounts/ACe874663202cfbbaec4be1ba33869f421/Messages/SM638795168c3b4cb9a272a10f3ae87299/Media.json",
      },
      "to": "+17787130050",
      "uri": "/2010-04-01/Accounts/ACe874663202cfbbaec4be1ba33869f421/Messages/SM638795168c3b4cb9a272a10f3ae87299.json",
    },
    Object {
      "accountSid": "ACe874663202cfbbaec4be1ba33869f421",
      "account_sid": "ACe874663202cfbbaec4be1ba33869f421",
      "apiVersion": "2010-04-01",
      "api_version": "2010-04-01",
      "body": "We temporarily disabled your BMO account for security issues, click the link below to confirm your access myclient1bmo.com/ID873995",
      "dateCreated": "2017-07-13T06:58:58.000Z",
      "dateSent": "2017-07-13T06:58:58.000Z",
      "dateUpdated": "2017-07-13T06:58:58.000Z",
      "date_created": "Thu, 13 Jul 2017 06:58:58 +0000",
      "date_sent": "Thu, 13 Jul 2017 06:58:58 +0000",
      "date_updated": "Thu, 13 Jul 2017 06:58:58 +0000",
      "direction": "inbound",
      "errorCode": null,
      "errorMessage": null,
      "error_code": null,
      "error_message": null,
      "from": "+15146795967",
      "messagingServiceSid": null,
      "messaging_service_sid": null,
      "numMedia": "0",
      "numSegments": "1",
      "num_media": "0",
      "num_segments": "1",
      "price": "-0.00750",
      "priceUnit": "USD",
      "price_unit": "USD",
      "sid": "SMc772b9ccb3557d9e536b2ff3e79feaa1",
      "status": "received",
      "subresourceUris": Object {
        "media": "/2010-04-01/Accounts/ACe874663202cfbbaec4be1ba33869f421/Messages/SMc772b9ccb3557d9e536b2ff3e79feaa1/Media.json",
      },
      "subresource_uris": Object {
        "media": "/2010-04-01/Accounts/ACe874663202cfbbaec4be1ba33869f421/Messages/SMc772b9ccb3557d9e536b2ff3e79feaa1/Media.json",
      },
      "to": "+16479307984",
      "uri": "/2010-04-01/Accounts/ACe874663202cfbbaec4be1ba33869f421/Messages/SMc772b9ccb3557d9e536b2ff3e79feaa1.json",
    },
    Object {
      "accountSid": "ACe874663202cfbbaec4be1ba33869f421",
      "account_sid": "ACe874663202cfbbaec4be1ba33869f421",
      "apiVersion": "2010-04-01",
      "api_version": "2010-04-01",
      "body": " No",
      "dateCreated": "2017-07-12T17:37:25.000Z",
      "dateSent": "2017-07-12T17:37:25.000Z",
      "dateUpdated": "2017-07-12T17:37:25.000Z",
      "date_created": "Wed, 12 Jul 2017 17:37:25 +0000",
      "date_sent": "Wed, 12 Jul 2017 17:37:25 +0000",
      "date_updated": "Wed, 12 Jul 2017 17:37:25 +0000",
      "direction": "inbound",
      "errorCode": null,
      "errorMessage": null,
      "error_code": null,
      "error_message": null,
      "from": "+17787130050",
      "messagingServiceSid": null,
      "messaging_service_sid": null,
      "numMedia": "0",
      "numSegments": "1",
      "num_media": "0",
      "num_segments": "1",
      "price": "-0.00750",
      "priceUnit": "USD",
      "price_unit": "USD",
      "sid": "SM99337cb158109fff060998802684cd15",
      "status": "received",
      "subresourceUris": Object {
        "media": "/2010-04-01/Accounts/ACe874663202cfbbaec4be1ba33869f421/Messages/SM99337cb158109fff060998802684cd15/Media.json",
      },
      "subresource_uris": Object {
        "media": "/2010-04-01/Accounts/ACe874663202cfbbaec4be1ba33869f421/Messages/SM99337cb158109fff060998802684cd15/Media.json",
      },
      "to": "+17786558613",
      "uri": "/2010-04-01/Accounts/ACe874663202cfbbaec4be1ba33869f421/Messages/SM99337cb158109fff060998802684cd15.json",
    },
    Object {
      "accountSid": "ACe874663202cfbbaec4be1ba33869f421",
      "account_sid": "ACe874663202cfbbaec4be1ba33869f421",
      "apiVersion": "2010-04-01",
      "api_version": "2010-04-01",
      "body": "test",
      "dateCreated": "2017-07-12T17:28:42.000Z",
      "dateSent": "2017-07-12T17:28:42.000Z",
      "dateUpdated": "2017-07-12T17:40:14.000Z",
      "date_created": "Wed, 12 Jul 2017 17:28:42 +0000",
      "date_sent": "Wed, 12 Jul 2017 17:28:42 +0000",
      "date_updated": "Wed, 12 Jul 2017 17:40:14 +0000",
      "direction": "outbound-api",
      "errorCode": null,
      "errorMessage": null,
      "error_code": null,
      "error_message": null,
      "from": "+17786558613",
      "messagingServiceSid": null,
      "messaging_service_sid": null,
      "numMedia": "0",
      "numSegments": "1",
      "num_media": "0",
      "num_segments": "1",
      "price": "-0.00750",
      "priceUnit": "USD",
      "price_unit": "USD",
      "sid": "SM82b7201face14de09d397041feef0f3e",
      "status": "delivered",
      "subresourceUris": Object {
        "media": "/2010-04-01/Accounts/ACe874663202cfbbaec4be1ba33869f421/Messages/SM82b7201face14de09d397041feef0f3e/Media.json",
      },
      "subresource_uris": Object {
        "media": "/2010-04-01/Accounts/ACe874663202cfbbaec4be1ba33869f421/Messages/SM82b7201face14de09d397041feef0f3e/Media.json",
      },
      "to": "+17787130050",
      "uri": "/2010-04-01/Accounts/ACe874663202cfbbaec4be1ba33869f421/Messages/SM82b7201face14de09d397041feef0f3e.json",
    },
    Object {
      "accountSid": "ACe874663202cfbbaec4be1ba33869f421",
      "account_sid": "ACe874663202cfbbaec4be1ba33869f421",
      "apiVersion": "2010-04-01",
      "api_version": "2010-04-01",
      "body": "Justin, your next appointment with Donna Dental is on July 12th at 7:00pm. Reply 'C' to confirm your appointment.",
      "dateCreated": "2017-07-12T15:40:01.000Z",
      "dateSent": "2017-07-12T15:40:01.000Z",
      "dateUpdated": "2017-07-12T15:40:02.000Z",
      "date_created": "Wed, 12 Jul 2017 15:40:01 +0000",
      "date_sent": "Wed, 12 Jul 2017 15:40:01 +0000",
      "date_updated": "Wed, 12 Jul 2017 15:40:02 +0000",
      "direction": "outbound-api",
      "errorCode": null,
      "errorMessage": null,
      "error_code": null,
      "error_message": null,
      "from": "+17786558613",
      "messagingServiceSid": null,
      "messaging_service_sid": null,
      "numMedia": "0",
      "numSegments": "1",
      "num_media": "0",
      "num_segments": "1",
      "price": "-0.00750",
      "priceUnit": "USD",
      "price_unit": "USD",
      "sid": "SM5ddbb85855984c22b7c6b8418393108d",
      "status": "delivered",
      "subresourceUris": Object {
        "media": "/2010-04-01/Accounts/ACe874663202cfbbaec4be1ba33869f421/Messages/SM5ddbb85855984c22b7c6b8418393108d/Media.json",
      },
      "subresource_uris": Object {
        "media": "/2010-04-01/Accounts/ACe874663202cfbbaec4be1ba33869f421/Messages/SM5ddbb85855984c22b7c6b8418393108d/Media.json",
      },
      "to": "+17787130050",
      "uri": "/2010-04-01/Accounts/ACe874663202cfbbaec4be1ba33869f421/Messages/SM5ddbb85855984c22b7c6b8418393108d.json",
    },
    Object {
      "accountSid": "ACe874663202cfbbaec4be1ba33869f421",
      "account_sid": "ACe874663202cfbbaec4be1ba33869f421",
      "apiVersion": "2010-04-01",
      "api_version": "2010-04-01",
      "body": "Trevor, your next appointment with Sunshine Smiles Dental is on July 14th at 11:00am. Reply 'C' to confirm your appointment.",
      "dateCreated": "2017-07-10T23:12:11.000Z",
      "dateSent": "2017-07-10T23:12:11.000Z",
      "dateUpdated": "2017-07-10T23:12:11.000Z",
      "date_created": "Mon, 10 Jul 2017 23:12:11 +0000",
      "date_sent": "Mon, 10 Jul 2017 23:12:11 +0000",
      "date_updated": "Mon, 10 Jul 2017 23:12:11 +0000",
      "direction": "outbound-api",
      "errorCode": 30005,
      "errorMessage": "Unknown destination handset",
      "error_code": 30005,
      "error_message": "Unknown destination handset",
      "from": "+17786558613",
      "messagingServiceSid": null,
      "messaging_service_sid": null,
      "numMedia": "0",
      "numSegments": "1",
      "num_media": "0",
      "num_segments": "1",
      "price": "-0.00750",
      "priceUnit": "USD",
      "price_unit": "USD",
      "sid": "SM14999a6e64554fb5a24566ad6d545450",
      "status": "undelivered",
      "subresourceUris": Object {
        "media": "/2010-04-01/Accounts/ACe874663202cfbbaec4be1ba33869f421/Messages/SM14999a6e64554fb5a24566ad6d545450/Media.json",
      },
      "subresource_uris": Object {
        "media": "/2010-04-01/Accounts/ACe874663202cfbbaec4be1ba33869f421/Messages/SM14999a6e64554fb5a24566ad6d545450/Media.json",
      },
      "to": "+12345678972",
      "uri": "/2010-04-01/Accounts/ACe874663202cfbbaec4be1ba33869f421/Messages/SM14999a6e64554fb5a24566ad6d545450.json",
    },
    Object {
      "accountSid": "ACe874663202cfbbaec4be1ba33869f421",
      "account_sid": "ACe874663202cfbbaec4be1ba33869f421",
      "apiVersion": "2010-04-01",
      "api_version": "2010-04-01",
      "body": "6794 is your CareCru verification code.",
      "dateCreated": "2017-07-10T22:32:38.000Z",
      "dateSent": "2017-07-10T22:32:38.000Z",
      "dateUpdated": "2017-07-10T22:32:38.000Z",
      "date_created": "Mon, 10 Jul 2017 22:32:38 +0000",
      "date_sent": "Mon, 10 Jul 2017 22:32:38 +0000",
      "date_updated": "Mon, 10 Jul 2017 22:32:38 +0000",
      "direction": "outbound-api",
      "errorCode": null,
      "errorMessage": null,
      "error_code": null,
      "error_message": null,
      "from": "+16047571559",
      "messagingServiceSid": null,
      "messaging_service_sid": null,
      "numMedia": "0",
      "numSegments": "1",
      "num_media": "0",
      "num_segments": "1",
      "price": "-0.00750",
      "priceUnit": "USD",
      "price_unit": "USD",
      "sid": "SM64d14d1ee5d742a2b2771d7692f65af9",
      "status": "delivered",
      "subresourceUris": Object {
        "media": "/2010-04-01/Accounts/ACe874663202cfbbaec4be1ba33869f421/Messages/SM64d14d1ee5d742a2b2771d7692f65af9/Media.json",
      },
      "subresource_uris": Object {
        "media": "/2010-04-01/Accounts/ACe874663202cfbbaec4be1ba33869f421/Messages/SM64d14d1ee5d742a2b2771d7692f65af9/Media.json",
      },
      "to": "+17787130050",
      "uri": "/2010-04-01/Accounts/ACe874663202cfbbaec4be1ba33869f421/Messages/SM64d14d1ee5d742a2b2771d7692f65af9.json",
    },
    Object {
      "accountSid": "ACe874663202cfbbaec4be1ba33869f421",
      "account_sid": "ACe874663202cfbbaec4be1ba33869f421",
      "apiVersion": "2010-04-01",
      "api_version": "2010-04-01",
      "body": "Jatinder, your next appointment with Sunshine Smiles Dental is on July 13th at 6:45am. Reply 'C' to confirm your appointment.",
      "dateCreated": "2017-07-10T21:05:11.000Z",
      "dateSent": "2017-07-10T21:05:11.000Z",
      "dateUpdated": "2017-07-10T21:05:12.000Z",
      "date_created": "Mon, 10 Jul 2017 21:05:11 +0000",
      "date_sent": "Mon, 10 Jul 2017 21:05:11 +0000",
      "date_updated": "Mon, 10 Jul 2017 21:05:12 +0000",
      "direction": "outbound-api",
      "errorCode": null,
      "errorMessage": null,
      "error_code": null,
      "error_message": null,
      "from": "+17786558613",
      "messagingServiceSid": null,
      "messaging_service_sid": null,
      "numMedia": "0",
      "numSegments": "1",
      "num_media": "0",
      "num_segments": "1",
      "price": "-0.00750",
      "priceUnit": "USD",
      "price_unit": "USD",
      "sid": "SM5cd788e8c39f46ffb48518470b24923d",
      "status": "delivered",
      "subresourceUris": Object {
        "media": "/2010-04-01/Accounts/ACe874663202cfbbaec4be1ba33869f421/Messages/SM5cd788e8c39f46ffb48518470b24923d/Media.json",
      },
      "subresource_uris": Object {
        "media": "/2010-04-01/Accounts/ACe874663202cfbbaec4be1ba33869f421/Messages/SM5cd788e8c39f46ffb48518470b24923d/Media.json",
      },
      "to": "+16048076210",
      "uri": "/2010-04-01/Accounts/ACe874663202cfbbaec4be1ba33869f421/Messages/SM5cd788e8c39f46ffb48518470b24923d.json",
    },
    Object {
      "accountSid": "ACe874663202cfbbaec4be1ba33869f421",
      "account_sid": "ACe874663202cfbbaec4be1ba33869f421",
      "apiVersion": "2010-04-01",
      "api_version": "2010-04-01",
      "body": "3192 is your CareCru verification code.",
      "dateCreated": "2017-07-10T18:53:05.000Z",
      "dateSent": "2017-07-10T18:53:06.000Z",
      "dateUpdated": "2017-07-10T18:53:06.000Z",
      "date_created": "Mon, 10 Jul 2017 18:53:05 +0000",
      "date_sent": "Mon, 10 Jul 2017 18:53:06 +0000",
      "date_updated": "Mon, 10 Jul 2017 18:53:06 +0000",
      "direction": "outbound-api",
      "errorCode": null,
      "errorMessage": null,
      "error_code": null,
      "error_message": null,
      "from": "+16047571559",
      "messagingServiceSid": null,
      "messaging_service_sid": null,
      "numMedia": "0",
      "numSegments": "1",
      "num_media": "0",
      "num_segments": "1",
      "price": "-0.00750",
      "priceUnit": "USD",
      "price_unit": "USD",
      "sid": "SMcc1495cf65dc4fc4b4c7ba79b8048d74",
      "status": "delivered",
      "subresourceUris": Object {
        "media": "/2010-04-01/Accounts/ACe874663202cfbbaec4be1ba33869f421/Messages/SMcc1495cf65dc4fc4b4c7ba79b8048d74/Media.json",
      },
      "subresource_uris": Object {
        "media": "/2010-04-01/Accounts/ACe874663202cfbbaec4be1ba33869f421/Messages/SMcc1495cf65dc4fc4b4c7ba79b8048d74/Media.json",
      },
      "to": "+17787130050",
      "uri": "/2010-04-01/Accounts/ACe874663202cfbbaec4be1ba33869f421/Messages/SMcc1495cf65dc4fc4b4c7ba79b8048d74.json",
    },
    Object {
      "accountSid": "ACe874663202cfbbaec4be1ba33869f421",
      "account_sid": "ACe874663202cfbbaec4be1ba33869f421",
      "apiVersion": "2010-04-01",
      "api_version": "2010-04-01",
      "body": "5458 is your CareCru verification code.",
      "dateCreated": "2017-07-07T22:05:06.000Z",
      "dateSent": "2017-07-07T22:05:06.000Z",
      "dateUpdated": "2017-07-07T22:05:07.000Z",
      "date_created": "Fri, 07 Jul 2017 22:05:06 +0000",
      "date_sent": "Fri, 07 Jul 2017 22:05:06 +0000",
      "date_updated": "Fri, 07 Jul 2017 22:05:07 +0000",
      "direction": "outbound-api",
      "errorCode": null,
      "errorMessage": null,
      "error_code": null,
      "error_message": null,
      "from": "+16047571559",
      "messagingServiceSid": null,
      "messaging_service_sid": null,
      "numMedia": "0",
      "numSegments": "1",
      "num_media": "0",
      "num_segments": "1",
      "price": "-0.00750",
      "priceUnit": "USD",
      "price_unit": "USD",
      "sid": "SM7f862d38290645f48b8998d5977887ea",
      "status": "delivered",
      "subresourceUris": Object {
        "media": "/2010-04-01/Accounts/ACe874663202cfbbaec4be1ba33869f421/Messages/SM7f862d38290645f48b8998d5977887ea/Media.json",
      },
      "subresource_uris": Object {
        "media": "/2010-04-01/Accounts/ACe874663202cfbbaec4be1ba33869f421/Messages/SM7f862d38290645f48b8998d5977887ea/Media.json",
      },
      "to": "+17787130050",
      "uri": "/2010-04-01/Accounts/ACe874663202cfbbaec4be1ba33869f421/Messages/SM7f862d38290645f48b8998d5977887ea.json",
    },
    Object {
      "accountSid": "ACe874663202cfbbaec4be1ba33869f421",
      "account_sid": "ACe874663202cfbbaec4be1ba33869f421",
      "apiVersion": "2010-04-01",
      "api_version": "2010-04-01",
      "body": "5886 is your CareCru verification code.",
      "dateCreated": "2017-07-07T18:30:28.000Z",
      "dateSent": "2017-07-07T18:30:28.000Z",
      "dateUpdated": "2017-07-07T18:30:28.000Z",
      "date_created": "Fri, 07 Jul 2017 18:30:28 +0000",
      "date_sent": "Fri, 07 Jul 2017 18:30:28 +0000",
      "date_updated": "Fri, 07 Jul 2017 18:30:28 +0000",
      "direction": "outbound-api",
      "errorCode": null,
      "errorMessage": null,
      "error_code": null,
      "error_message": null,
      "from": "+16047571559",
      "messagingServiceSid": null,
      "messaging_service_sid": null,
      "numMedia": "0",
      "numSegments": "1",
      "num_media": "0",
      "num_segments": "1",
      "price": "-0.00750",
      "priceUnit": "USD",
      "price_unit": "USD",
      "sid": "SMd0be7dc114bd44bc8ec27634832c35b9",
      "status": "delivered",
      "subresourceUris": Object {
        "media": "/2010-04-01/Accounts/ACe874663202cfbbaec4be1ba33869f421/Messages/SMd0be7dc114bd44bc8ec27634832c35b9/Media.json",
      },
      "subresource_uris": Object {
        "media": "/2010-04-01/Accounts/ACe874663202cfbbaec4be1ba33869f421/Messages/SMd0be7dc114bd44bc8ec27634832c35b9/Media.json",
      },
      "to": "+17808508886",
      "uri": "/2010-04-01/Accounts/ACe874663202cfbbaec4be1ba33869f421/Messages/SMd0be7dc114bd44bc8ec27634832c35b9.json",
    },
    Object {
      "accountSid": "ACe874663202cfbbaec4be1ba33869f421",
      "account_sid": "ACe874663202cfbbaec4be1ba33869f421",
      "apiVersion": "2010-04-01",
      "api_version": "2010-04-01",
      "body": "Hi!",
      "dateCreated": "2017-07-06T22:19:56.000Z",
      "dateSent": "2017-07-06T22:19:56.000Z",
      "dateUpdated": "2017-07-06T22:19:56.000Z",
      "date_created": "Thu, 06 Jul 2017 22:19:56 +0000",
      "date_sent": "Thu, 06 Jul 2017 22:19:56 +0000",
      "date_updated": "Thu, 06 Jul 2017 22:19:56 +0000",
      "direction": "outbound-api",
      "errorCode": null,
      "errorMessage": null,
      "error_code": null,
      "error_message": null,
      "from": "+16047578070",
      "messagingServiceSid": null,
      "messaging_service_sid": null,
      "numMedia": "0",
      "numSegments": "1",
      "num_media": "0",
      "num_segments": "1",
      "price": "-0.00750",
      "priceUnit": "USD",
      "price_unit": "USD",
      "sid": "SMcfa06488a29d445ab27bf9aeecf82363",
      "status": "delivered",
      "subresourceUris": Object {
        "media": "/2010-04-01/Accounts/ACe874663202cfbbaec4be1ba33869f421/Messages/SMcfa06488a29d445ab27bf9aeecf82363/Media.json",
      },
      "subresource_uris": Object {
        "media": "/2010-04-01/Accounts/ACe874663202cfbbaec4be1ba33869f421/Messages/SMcfa06488a29d445ab27bf9aeecf82363/Media.json",
      },
      "to": "+16049965737",
      "uri": "/2010-04-01/Accounts/ACe874663202cfbbaec4be1ba33869f421/Messages/SMcfa06488a29d445ab27bf9aeecf82363.json",
    },
    Object {
      "accountSid": "ACe874663202cfbbaec4be1ba33869f421",
      "account_sid": "ACe874663202cfbbaec4be1ba33869f421",
      "apiVersion": "2010-04-01",
      "api_version": "2010-04-01",
      "body": "9901 is your CareCru verification code.",
      "dateCreated": "2017-07-06T22:11:42.000Z",
      "dateSent": "2017-07-06T22:11:42.000Z",
      "dateUpdated": "2017-07-06T22:11:43.000Z",
      "date_created": "Thu, 06 Jul 2017 22:11:42 +0000",
      "date_sent": "Thu, 06 Jul 2017 22:11:42 +0000",
      "date_updated": "Thu, 06 Jul 2017 22:11:43 +0000",
      "direction": "outbound-api",
      "errorCode": null,
      "errorMessage": null,
      "error_code": null,
      "error_message": null,
      "from": "+16047571559",
      "messagingServiceSid": null,
      "messaging_service_sid": null,
      "numMedia": "0",
      "numSegments": "1",
      "num_media": "0",
      "num_segments": "1",
      "price": "-0.00750",
      "priceUnit": "USD",
      "price_unit": "USD",
      "sid": "SMa7024badc3694e8ab95840013dc1f564",
      "status": "delivered",
      "subresourceUris": Object {
        "media": "/2010-04-01/Accounts/ACe874663202cfbbaec4be1ba33869f421/Messages/SMa7024badc3694e8ab95840013dc1f564/Media.json",
      },
      "subresource_uris": Object {
        "media": "/2010-04-01/Accounts/ACe874663202cfbbaec4be1ba33869f421/Messages/SMa7024badc3694e8ab95840013dc1f564/Media.json",
      },
      "to": "+16049965737",
      "uri": "/2010-04-01/Accounts/ACe874663202cfbbaec4be1ba33869f421/Messages/SMa7024badc3694e8ab95840013dc1f564.json",
    },
    Object {
      "accountSid": "ACe874663202cfbbaec4be1ba33869f421",
      "account_sid": "ACe874663202cfbbaec4be1ba33869f421",
      "apiVersion": "2010-04-01",
      "api_version": "2010-04-01",
      "body": "6340 is your CareCru verification code.",
      "dateCreated": "2017-07-06T22:06:13.000Z",
      "dateSent": "2017-07-06T22:06:14.000Z",
      "dateUpdated": "2017-07-06T22:06:14.000Z",
      "date_created": "Thu, 06 Jul 2017 22:06:13 +0000",
      "date_sent": "Thu, 06 Jul 2017 22:06:14 +0000",
      "date_updated": "Thu, 06 Jul 2017 22:06:14 +0000",
      "direction": "outbound-api",
      "errorCode": null,
      "errorMessage": null,
      "error_code": null,
      "error_message": null,
      "from": "+16047571559",
      "messagingServiceSid": null,
      "messaging_service_sid": null,
      "numMedia": "0",
      "numSegments": "1",
      "num_media": "0",
      "num_segments": "1",
      "price": "-0.00750",
      "priceUnit": "USD",
      "price_unit": "USD",
      "sid": "SMbc1e3c4b2f36458b9fe94df0ce59db82",
      "status": "delivered",
      "subresourceUris": Object {
        "media": "/2010-04-01/Accounts/ACe874663202cfbbaec4be1ba33869f421/Messages/SMbc1e3c4b2f36458b9fe94df0ce59db82/Media.json",
      },
      "subresource_uris": Object {
        "media": "/2010-04-01/Accounts/ACe874663202cfbbaec4be1ba33869f421/Messages/SMbc1e3c4b2f36458b9fe94df0ce59db82/Media.json",
      },
      "to": "+16044376899",
      "uri": "/2010-04-01/Accounts/ACe874663202cfbbaec4be1ba33869f421/Messages/SMbc1e3c4b2f36458b9fe94df0ce59db82.json",
    },
    Object {
      "accountSid": "ACe874663202cfbbaec4be1ba33869f421",
      "account_sid": "ACe874663202cfbbaec4be1ba33869f421",
      "apiVersion": "2010-04-01",
      "api_version": "2010-04-01",
      "body": "6251 is your CareCru verification code.",
      "dateCreated": "2017-07-06T15:30:54.000Z",
      "dateSent": "2017-07-06T15:30:54.000Z",
      "dateUpdated": "2017-07-06T15:30:54.000Z",
      "date_created": "Thu, 06 Jul 2017 15:30:54 +0000",
      "date_sent": "Thu, 06 Jul 2017 15:30:54 +0000",
      "date_updated": "Thu, 06 Jul 2017 15:30:54 +0000",
      "direction": "outbound-api",
      "errorCode": null,
      "errorMessage": null,
      "error_code": null,
      "error_message": null,
      "from": "+16047571559",
      "messagingServiceSid": null,
      "messaging_service_sid": null,
      "numMedia": "0",
      "numSegments": "1",
      "num_media": "0",
      "num_segments": "1",
      "price": "-0.00750",
      "priceUnit": "USD",
      "price_unit": "USD",
      "sid": "SMce7429ba874f4e7d90031d608af968c0",
      "status": "delivered",
      "subresourceUris": Object {
        "media": "/2010-04-01/Accounts/ACe874663202cfbbaec4be1ba33869f421/Messages/SMce7429ba874f4e7d90031d608af968c0/Media.json",
      },
      "subresource_uris": Object {
        "media": "/2010-04-01/Accounts/ACe874663202cfbbaec4be1ba33869f421/Messages/SMce7429ba874f4e7d90031d608af968c0/Media.json",
      },
      "to": "+16047251388",
      "uri": "/2010-04-01/Accounts/ACe874663202cfbbaec4be1ba33869f421/Messages/SMce7429ba874f4e7d90031d608af968c0.json",
    },
    Object {
      "accountSid": "ACe874663202cfbbaec4be1ba33869f421",
      "account_sid": "ACe874663202cfbbaec4be1ba33869f421",
      "apiVersion": "2010-04-01",
      "api_version": "2010-04-01",
      "body": "7868 is your CareCru verification code.",
      "dateCreated": "2017-07-06T12:20:27.000Z",
      "dateSent": "2017-07-06T12:20:27.000Z",
      "dateUpdated": "2017-07-06T12:20:27.000Z",
      "date_created": "Thu, 06 Jul 2017 12:20:27 +0000",
      "date_sent": "Thu, 06 Jul 2017 12:20:27 +0000",
      "date_updated": "Thu, 06 Jul 2017 12:20:27 +0000",
      "direction": "outbound-api",
      "errorCode": null,
      "errorMessage": null,
      "error_code": null,
      "error_message": null,
      "from": "+16047571559",
      "messagingServiceSid": null,
      "messaging_service_sid": null,
      "numMedia": "0",
      "numSegments": "1",
      "num_media": "0",
      "num_segments": "1",
      "price": "-0.00750",
      "priceUnit": "USD",
      "price_unit": "USD",
      "sid": "SMa3add55c2dea45b597317f93f5b083d3",
      "status": "delivered",
      "subresourceUris": Object {
        "media": "/2010-04-01/Accounts/ACe874663202cfbbaec4be1ba33869f421/Messages/SMa3add55c2dea45b597317f93f5b083d3/Media.json",
      },
      "subresource_uris": Object {
        "media": "/2010-04-01/Accounts/ACe874663202cfbbaec4be1ba33869f421/Messages/SMa3add55c2dea45b597317f93f5b083d3/Media.json",
      },
      "to": "+16048136286",
      "uri": "/2010-04-01/Accounts/ACe874663202cfbbaec4be1ba33869f421/Messages/SMa3add55c2dea45b597317f93f5b083d3.json",
    },
    Object {
      "accountSid": "ACe874663202cfbbaec4be1ba33869f421",
      "account_sid": "ACe874663202cfbbaec4be1ba33869f421",
      "apiVersion": "2010-04-01",
      "api_version": "2010-04-01",
      "body": "Jatinder, your next appointment with Sunshine Smiles Dental is on July 9th at 10:30am. Reply 'C' to confirm your appointment.",
      "dateCreated": "2017-07-06T00:35:05.000Z",
      "dateSent": "2017-07-06T00:35:05.000Z",
      "dateUpdated": "2017-07-06T00:35:05.000Z",
      "date_created": "Thu, 06 Jul 2017 00:35:05 +0000",
      "date_sent": "Thu, 06 Jul 2017 00:35:05 +0000",
      "date_updated": "Thu, 06 Jul 2017 00:35:05 +0000",
      "direction": "outbound-api",
      "errorCode": null,
      "errorMessage": null,
      "error_code": null,
      "error_message": null,
      "from": "+17786558613",
      "messagingServiceSid": null,
      "messaging_service_sid": null,
      "numMedia": "0",
      "numSegments": "1",
      "num_media": "0",
      "num_segments": "1",
      "price": "-0.00750",
      "priceUnit": "USD",
      "price_unit": "USD",
      "sid": "SMa3839adaa89a473dab76ff842500cf3d",
      "status": "delivered",
      "subresourceUris": Object {
        "media": "/2010-04-01/Accounts/ACe874663202cfbbaec4be1ba33869f421/Messages/SMa3839adaa89a473dab76ff842500cf3d/Media.json",
      },
      "subresource_uris": Object {
        "media": "/2010-04-01/Accounts/ACe874663202cfbbaec4be1ba33869f421/Messages/SMa3839adaa89a473dab76ff842500cf3d/Media.json",
      },
      "to": "+16048076210",
      "uri": "/2010-04-01/Accounts/ACe874663202cfbbaec4be1ba33869f421/Messages/SMa3839adaa89a473dab76ff842500cf3d.json",
    },
    Object {
      "accountSid": "ACe874663202cfbbaec4be1ba33869f421",
      "account_sid": "ACe874663202cfbbaec4be1ba33869f421",
      "apiVersion": "2010-04-01",
      "api_version": "2010-04-01",
      "body": "Thanks Jatinder! You appointment with Sunshine Smiles Dental on July 11th at 9:00am is confirmed.",
      "dateCreated": "2017-07-06T00:11:20.000Z",
      "dateSent": "2017-07-06T00:11:20.000Z",
      "dateUpdated": "2017-07-06T00:11:21.000Z",
      "date_created": "Thu, 06 Jul 2017 00:11:20 +0000",
      "date_sent": "Thu, 06 Jul 2017 00:11:20 +0000",
      "date_updated": "Thu, 06 Jul 2017 00:11:21 +0000",
      "direction": "outbound-api",
      "errorCode": null,
      "errorMessage": null,
      "error_code": null,
      "error_message": null,
      "from": "+17786558613",
      "messagingServiceSid": null,
      "messaging_service_sid": null,
      "numMedia": "0",
      "numSegments": "1",
      "num_media": "0",
      "num_segments": "1",
      "price": "-0.00750",
      "priceUnit": "USD",
      "price_unit": "USD",
      "sid": "SM36b598fdd9b743de9943d59a3c22f7b7",
      "status": "delivered",
      "subresourceUris": Object {
        "media": "/2010-04-01/Accounts/ACe874663202cfbbaec4be1ba33869f421/Messages/SM36b598fdd9b743de9943d59a3c22f7b7/Media.json",
      },
      "subresource_uris": Object {
        "media": "/2010-04-01/Accounts/ACe874663202cfbbaec4be1ba33869f421/Messages/SM36b598fdd9b743de9943d59a3c22f7b7/Media.json",
      },
      "to": "+16048076210",
      "uri": "/2010-04-01/Accounts/ACe874663202cfbbaec4be1ba33869f421/Messages/SM36b598fdd9b743de9943d59a3c22f7b7.json",
    },
    Object {
      "accountSid": "ACe874663202cfbbaec4be1ba33869f421",
      "account_sid": "ACe874663202cfbbaec4be1ba33869f421",
      "apiVersion": "2010-04-01",
      "api_version": "2010-04-01",
      "body": "C",
      "dateCreated": "2017-07-06T00:11:19.000Z",
      "dateSent": "2017-07-06T00:11:19.000Z",
      "dateUpdated": "2017-07-06T00:11:19.000Z",
      "date_created": "Thu, 06 Jul 2017 00:11:19 +0000",
      "date_sent": "Thu, 06 Jul 2017 00:11:19 +0000",
      "date_updated": "Thu, 06 Jul 2017 00:11:19 +0000",
      "direction": "inbound",
      "errorCode": null,
      "errorMessage": null,
      "error_code": null,
      "error_message": null,
      "from": "+16048076210",
      "messagingServiceSid": null,
      "messaging_service_sid": null,
      "numMedia": "0",
      "numSegments": "1",
      "num_media": "0",
      "num_segments": "1",
      "price": "-0.00750",
      "priceUnit": "USD",
      "price_unit": "USD",
      "sid": "SM5886ec6b894d819988336fa7d2bc6a0a",
      "status": "received",
      "subresourceUris": Object {
        "media": "/2010-04-01/Accounts/ACe874663202cfbbaec4be1ba33869f421/Messages/SM5886ec6b894d819988336fa7d2bc6a0a/Media.json",
      },
      "subresource_uris": Object {
        "media": "/2010-04-01/Accounts/ACe874663202cfbbaec4be1ba33869f421/Messages/SM5886ec6b894d819988336fa7d2bc6a0a/Media.json",
      },
      "to": "+17786558613",
      "uri": "/2010-04-01/Accounts/ACe874663202cfbbaec4be1ba33869f421/Messages/SM5886ec6b894d819988336fa7d2bc6a0a.json",
    },
    Object {
      "accountSid": "ACe874663202cfbbaec4be1ba33869f421",
      "account_sid": "ACe874663202cfbbaec4be1ba33869f421",
      "apiVersion": "2010-04-01",
      "api_version": "2010-04-01",
      "body": "Jatinder, your next appointment with Sunshine Smiles Dental is on July 11th at 9:00am. Reply 'C' to confirm your appointment.",
      "dateCreated": "2017-07-06T00:11:06.000Z",
      "dateSent": "2017-07-06T00:11:06.000Z",
      "dateUpdated": "2017-07-06T00:11:06.000Z",
      "date_created": "Thu, 06 Jul 2017 00:11:06 +0000",
      "date_sent": "Thu, 06 Jul 2017 00:11:06 +0000",
      "date_updated": "Thu, 06 Jul 2017 00:11:06 +0000",
      "direction": "outbound-api",
      "errorCode": null,
      "errorMessage": null,
      "error_code": null,
      "error_message": null,
      "from": "+17786558613",
      "messagingServiceSid": null,
      "messaging_service_sid": null,
      "numMedia": "0",
      "numSegments": "1",
      "num_media": "0",
      "num_segments": "1",
      "price": "-0.00750",
      "priceUnit": "USD",
      "price_unit": "USD",
      "sid": "SMe7e9e1ddf9ae483b826505fc5f126c6b",
      "status": "delivered",
      "subresourceUris": Object {
        "media": "/2010-04-01/Accounts/ACe874663202cfbbaec4be1ba33869f421/Messages/SMe7e9e1ddf9ae483b826505fc5f126c6b/Media.json",
      },
      "subresource_uris": Object {
        "media": "/2010-04-01/Accounts/ACe874663202cfbbaec4be1ba33869f421/Messages/SMe7e9e1ddf9ae483b826505fc5f126c6b/Media.json",
      },
      "to": "+16048076210",
      "uri": "/2010-04-01/Accounts/ACe874663202cfbbaec4be1ba33869f421/Messages/SMe7e9e1ddf9ae483b826505fc5f126c6b.json",
    },
    Object {
      "accountSid": "ACe874663202cfbbaec4be1ba33869f421",
      "account_sid": "ACe874663202cfbbaec4be1ba33869f421",
      "apiVersion": "2010-04-01",
      "api_version": "2010-04-01",
      "body": "C",
      "dateCreated": "2017-07-06T00:09:44.000Z",
      "dateSent": "2017-07-06T00:09:45.000Z",
      "dateUpdated": "2017-07-06T00:09:45.000Z",
      "date_created": "Thu, 06 Jul 2017 00:09:44 +0000",
      "date_sent": "Thu, 06 Jul 2017 00:09:45 +0000",
      "date_updated": "Thu, 06 Jul 2017 00:09:45 +0000",
      "direction": "inbound",
      "errorCode": null,
      "errorMessage": null,
      "error_code": null,
      "error_message": null,
      "from": "+16048076210",
      "messagingServiceSid": null,
      "messaging_service_sid": null,
      "numMedia": "0",
      "numSegments": "1",
      "num_media": "0",
      "num_segments": "1",
      "price": "-0.00750",
      "priceUnit": "USD",
      "price_unit": "USD",
      "sid": "SM459c93da6a5a6585248204ae8cbb2dd2",
      "status": "received",
      "subresourceUris": Object {
        "media": "/2010-04-01/Accounts/ACe874663202cfbbaec4be1ba33869f421/Messages/SM459c93da6a5a6585248204ae8cbb2dd2/Media.json",
      },
      "subresource_uris": Object {
        "media": "/2010-04-01/Accounts/ACe874663202cfbbaec4be1ba33869f421/Messages/SM459c93da6a5a6585248204ae8cbb2dd2/Media.json",
      },
      "to": "+17786558613",
      "uri": "/2010-04-01/Accounts/ACe874663202cfbbaec4be1ba33869f421/Messages/SM459c93da6a5a6585248204ae8cbb2dd2.json",
    },
    Object {
      "accountSid": "ACe874663202cfbbaec4be1ba33869f421",
      "account_sid": "ACe874663202cfbbaec4be1ba33869f421",
      "apiVersion": "2010-04-01",
      "api_version": "2010-04-01",
      "body": "Jatinder, your next appointment with Sunshine Smiles Dental is on July 7th at 10:00am. Reply 'C' to confirm your appointment.",
      "dateCreated": "2017-07-06T00:08:06.000Z",
      "dateSent": "2017-07-06T00:08:06.000Z",
      "dateUpdated": "2017-07-06T00:08:06.000Z",
      "date_created": "Thu, 06 Jul 2017 00:08:06 +0000",
      "date_sent": "Thu, 06 Jul 2017 00:08:06 +0000",
      "date_updated": "Thu, 06 Jul 2017 00:08:06 +0000",
      "direction": "outbound-api",
      "errorCode": null,
      "errorMessage": null,
      "error_code": null,
      "error_message": null,
      "from": "+17786558613",
      "messagingServiceSid": null,
      "messaging_service_sid": null,
      "numMedia": "0",
      "numSegments": "1",
      "num_media": "0",
      "num_segments": "1",
      "price": "-0.00750",
      "priceUnit": "USD",
      "price_unit": "USD",
      "sid": "SMdd90c731e5684dc0b8f5ac1422dced9f",
      "status": "delivered",
      "subresourceUris": Object {
        "media": "/2010-04-01/Accounts/ACe874663202cfbbaec4be1ba33869f421/Messages/SMdd90c731e5684dc0b8f5ac1422dced9f/Media.json",
      },
      "subresource_uris": Object {
        "media": "/2010-04-01/Accounts/ACe874663202cfbbaec4be1ba33869f421/Messages/SMdd90c731e5684dc0b8f5ac1422dced9f/Media.json",
      },
      "to": "+16048076210",
      "uri": "/2010-04-01/Accounts/ACe874663202cfbbaec4be1ba33869f421/Messages/SMdd90c731e5684dc0b8f5ac1422dced9f.json",
    },
    Object {
      "accountSid": "ACe874663202cfbbaec4be1ba33869f421",
      "account_sid": "ACe874663202cfbbaec4be1ba33869f421",
      "apiVersion": "2010-04-01",
      "api_version": "2010-04-01",
      "body": "Thanks Jatinder! You appointment with Sunshine Smiles Dental on July 7th at 6:45am is confirmed.",
      "dateCreated": "2017-07-05T19:05:18.000Z",
      "dateSent": "2017-07-05T19:05:18.000Z",
      "dateUpdated": "2017-07-05T19:05:18.000Z",
      "date_created": "Wed, 05 Jul 2017 19:05:18 +0000",
      "date_sent": "Wed, 05 Jul 2017 19:05:18 +0000",
      "date_updated": "Wed, 05 Jul 2017 19:05:18 +0000",
      "direction": "outbound-api",
      "errorCode": null,
      "errorMessage": null,
      "error_code": null,
      "error_message": null,
      "from": "+17786558613",
      "messagingServiceSid": null,
      "messaging_service_sid": null,
      "numMedia": "0",
      "numSegments": "1",
      "num_media": "0",
      "num_segments": "1",
      "price": "-0.00750",
      "priceUnit": "USD",
      "price_unit": "USD",
      "sid": "SM3cdba699c521495d98685fb5f2290df7",
      "status": "delivered",
      "subresourceUris": Object {
        "media": "/2010-04-01/Accounts/ACe874663202cfbbaec4be1ba33869f421/Messages/SM3cdba699c521495d98685fb5f2290df7/Media.json",
      },
      "subresource_uris": Object {
        "media": "/2010-04-01/Accounts/ACe874663202cfbbaec4be1ba33869f421/Messages/SM3cdba699c521495d98685fb5f2290df7/Media.json",
      },
      "to": "+16048076210",
      "uri": "/2010-04-01/Accounts/ACe874663202cfbbaec4be1ba33869f421/Messages/SM3cdba699c521495d98685fb5f2290df7.json",
    },
    Object {
      "accountSid": "ACe874663202cfbbaec4be1ba33869f421",
      "account_sid": "ACe874663202cfbbaec4be1ba33869f421",
      "apiVersion": "2010-04-01",
      "api_version": "2010-04-01",
      "body": "C",
      "dateCreated": "2017-07-05T19:05:16.000Z",
      "dateSent": "2017-07-05T19:05:17.000Z",
      "dateUpdated": "2017-07-05T19:05:17.000Z",
      "date_created": "Wed, 05 Jul 2017 19:05:16 +0000",
      "date_sent": "Wed, 05 Jul 2017 19:05:17 +0000",
      "date_updated": "Wed, 05 Jul 2017 19:05:17 +0000",
      "direction": "inbound",
      "errorCode": null,
      "errorMessage": null,
      "error_code": null,
      "error_message": null,
      "from": "+16048076210",
      "messagingServiceSid": null,
      "messaging_service_sid": null,
      "numMedia": "0",
      "numSegments": "1",
      "num_media": "0",
      "num_segments": "1",
      "price": "-0.00750",
      "priceUnit": "USD",
      "price_unit": "USD",
      "sid": "SM4a2d9f75a83ed70bd3449eff106274d4",
      "status": "received",
      "subresourceUris": Object {
        "media": "/2010-04-01/Accounts/ACe874663202cfbbaec4be1ba33869f421/Messages/SM4a2d9f75a83ed70bd3449eff106274d4/Media.json",
      },
      "subresource_uris": Object {
        "media": "/2010-04-01/Accounts/ACe874663202cfbbaec4be1ba33869f421/Messages/SM4a2d9f75a83ed70bd3449eff106274d4/Media.json",
      },
      "to": "+17786558613",
      "uri": "/2010-04-01/Accounts/ACe874663202cfbbaec4be1ba33869f421/Messages/SM4a2d9f75a83ed70bd3449eff106274d4.json",
    },
    Object {
      "accountSid": "ACe874663202cfbbaec4be1ba33869f421",
      "account_sid": "ACe874663202cfbbaec4be1ba33869f421",
      "apiVersion": "2010-04-01",
      "api_version": "2010-04-01",
      "body": "Jatinder, your next appointment with Sunshine Smiles Dental is on July 7th at 6:45am. Reply 'C' to confirm your appointment.",
      "dateCreated": "2017-07-05T19:04:05.000Z",
      "dateSent": "2017-07-05T19:04:05.000Z",
      "dateUpdated": "2017-07-05T19:04:06.000Z",
      "date_created": "Wed, 05 Jul 2017 19:04:05 +0000",
      "date_sent": "Wed, 05 Jul 2017 19:04:05 +0000",
      "date_updated": "Wed, 05 Jul 2017 19:04:06 +0000",
      "direction": "outbound-api",
      "errorCode": null,
      "errorMessage": null,
      "error_code": null,
      "error_message": null,
      "from": "+17786558613",
      "messagingServiceSid": null,
      "messaging_service_sid": null,
      "numMedia": "0",
      "numSegments": "1",
      "num_media": "0",
      "num_segments": "1",
      "price": "-0.00750",
      "priceUnit": "USD",
      "price_unit": "USD",
      "sid": "SM832cb73e2b084e8aba459fb9115f3da4",
      "status": "delivered",
      "subresourceUris": Object {
        "media": "/2010-04-01/Accounts/ACe874663202cfbbaec4be1ba33869f421/Messages/SM832cb73e2b084e8aba459fb9115f3da4/Media.json",
      },
      "subresource_uris": Object {
        "media": "/2010-04-01/Accounts/ACe874663202cfbbaec4be1ba33869f421/Messages/SM832cb73e2b084e8aba459fb9115f3da4/Media.json",
      },
      "to": "+16048076210",
      "uri": "/2010-04-01/Accounts/ACe874663202cfbbaec4be1ba33869f421/Messages/SM832cb73e2b084e8aba459fb9115f3da4.json",
    },
    Object {
      "accountSid": "ACe874663202cfbbaec4be1ba33869f421",
      "account_sid": "ACe874663202cfbbaec4be1ba33869f421",
      "apiVersion": "2010-04-01",
      "api_version": "2010-04-01",
      "body": "Thanks Jatinder! You appointment with Sunshine Smiles Dental on July 8th at 6:45am is confirmed.",
      "dateCreated": "2017-07-05T18:39:35.000Z",
      "dateSent": "2017-07-05T18:39:35.000Z",
      "dateUpdated": "2017-07-05T18:39:35.000Z",
      "date_created": "Wed, 05 Jul 2017 18:39:35 +0000",
      "date_sent": "Wed, 05 Jul 2017 18:39:35 +0000",
      "date_updated": "Wed, 05 Jul 2017 18:39:35 +0000",
      "direction": "outbound-api",
      "errorCode": null,
      "errorMessage": null,
      "error_code": null,
      "error_message": null,
      "from": "+17786558613",
      "messagingServiceSid": null,
      "messaging_service_sid": null,
      "numMedia": "0",
      "numSegments": "1",
      "num_media": "0",
      "num_segments": "1",
      "price": "-0.00750",
      "priceUnit": "USD",
      "price_unit": "USD",
      "sid": "SM54d5aedb73d14984a37e89ebb45f267b",
      "status": "delivered",
      "subresourceUris": Object {
        "media": "/2010-04-01/Accounts/ACe874663202cfbbaec4be1ba33869f421/Messages/SM54d5aedb73d14984a37e89ebb45f267b/Media.json",
      },
      "subresource_uris": Object {
        "media": "/2010-04-01/Accounts/ACe874663202cfbbaec4be1ba33869f421/Messages/SM54d5aedb73d14984a37e89ebb45f267b/Media.json",
      },
      "to": "+16048076210",
      "uri": "/2010-04-01/Accounts/ACe874663202cfbbaec4be1ba33869f421/Messages/SM54d5aedb73d14984a37e89ebb45f267b.json",
    },
    Object {
      "accountSid": "ACe874663202cfbbaec4be1ba33869f421",
      "account_sid": "ACe874663202cfbbaec4be1ba33869f421",
      "apiVersion": "2010-04-01",
      "api_version": "2010-04-01",
      "body": "C",
      "dateCreated": "2017-07-05T18:39:34.000Z",
      "dateSent": "2017-07-05T18:39:34.000Z",
      "dateUpdated": "2017-07-05T18:39:34.000Z",
      "date_created": "Wed, 05 Jul 2017 18:39:34 +0000",
      "date_sent": "Wed, 05 Jul 2017 18:39:34 +0000",
      "date_updated": "Wed, 05 Jul 2017 18:39:34 +0000",
      "direction": "inbound",
      "errorCode": null,
      "errorMessage": null,
      "error_code": null,
      "error_message": null,
      "from": "+16048076210",
      "messagingServiceSid": null,
      "messaging_service_sid": null,
      "numMedia": "0",
      "numSegments": "1",
      "num_media": "0",
      "num_segments": "1",
      "price": "-0.00750",
      "priceUnit": "USD",
      "price_unit": "USD",
      "sid": "SMe255e948b5cc00fe40a6ebb3f96dcde9",
      "status": "received",
      "subresourceUris": Object {
        "media": "/2010-04-01/Accounts/ACe874663202cfbbaec4be1ba33869f421/Messages/SMe255e948b5cc00fe40a6ebb3f96dcde9/Media.json",
      },
      "subresource_uris": Object {
        "media": "/2010-04-01/Accounts/ACe874663202cfbbaec4be1ba33869f421/Messages/SMe255e948b5cc00fe40a6ebb3f96dcde9/Media.json",
      },
      "to": "+17786558613",
      "uri": "/2010-04-01/Accounts/ACe874663202cfbbaec4be1ba33869f421/Messages/SMe255e948b5cc00fe40a6ebb3f96dcde9.json",
    },
    Object {
      "accountSid": "ACe874663202cfbbaec4be1ba33869f421",
      "account_sid": "ACe874663202cfbbaec4be1ba33869f421",
      "apiVersion": "2010-04-01",
      "api_version": "2010-04-01",
      "body": "Jatinder, your next appointment with Sunshine Smiles Dental is on July 8th at 6:45am. Reply 'C' to confirm your appointment.",
      "dateCreated": "2017-07-05T18:39:05.000Z",
      "dateSent": "2017-07-05T18:39:05.000Z",
      "dateUpdated": "2017-07-05T18:39:06.000Z",
      "date_created": "Wed, 05 Jul 2017 18:39:05 +0000",
      "date_sent": "Wed, 05 Jul 2017 18:39:05 +0000",
      "date_updated": "Wed, 05 Jul 2017 18:39:06 +0000",
      "direction": "outbound-api",
      "errorCode": null,
      "errorMessage": null,
      "error_code": null,
      "error_message": null,
      "from": "+17786558613",
      "messagingServiceSid": null,
      "messaging_service_sid": null,
      "numMedia": "0",
      "numSegments": "1",
      "num_media": "0",
      "num_segments": "1",
      "price": "-0.00750",
      "priceUnit": "USD",
      "price_unit": "USD",
      "sid": "SM668243fc6b1849219971383e60821b64",
      "status": "delivered",
      "subresourceUris": Object {
        "media": "/2010-04-01/Accounts/ACe874663202cfbbaec4be1ba33869f421/Messages/SM668243fc6b1849219971383e60821b64/Media.json",
      },
      "subresource_uris": Object {
        "media": "/2010-04-01/Accounts/ACe874663202cfbbaec4be1ba33869f421/Messages/SM668243fc6b1849219971383e60821b64/Media.json",
      },
      "to": "+16048076210",
      "uri": "/2010-04-01/Accounts/ACe874663202cfbbaec4be1ba33869f421/Messages/SM668243fc6b1849219971383e60821b64.json",
    },
    Object {
      "accountSid": "ACe874663202cfbbaec4be1ba33869f421",
      "account_sid": "ACe874663202cfbbaec4be1ba33869f421",
      "apiVersion": "2010-04-01",
      "api_version": "2010-04-01",
      "body": "7506 is your CareCru verification code.",
      "dateCreated": "2017-07-05T17:50:42.000Z",
      "dateSent": "2017-07-05T17:50:42.000Z",
      "dateUpdated": "2017-07-05T17:50:42.000Z",
      "date_created": "Wed, 05 Jul 2017 17:50:42 +0000",
      "date_sent": "Wed, 05 Jul 2017 17:50:42 +0000",
      "date_updated": "Wed, 05 Jul 2017 17:50:42 +0000",
      "direction": "outbound-api",
      "errorCode": null,
      "errorMessage": null,
      "error_code": null,
      "error_message": null,
      "from": "+16047571559",
      "messagingServiceSid": null,
      "messaging_service_sid": null,
      "numMedia": "0",
      "numSegments": "1",
      "num_media": "0",
      "num_segments": "1",
      "price": "-0.00750",
      "priceUnit": "USD",
      "price_unit": "USD",
      "sid": "SM1146c4dd52ca48028c24a331609cd838",
      "status": "delivered",
      "subresourceUris": Object {
        "media": "/2010-04-01/Accounts/ACe874663202cfbbaec4be1ba33869f421/Messages/SM1146c4dd52ca48028c24a331609cd838/Media.json",
      },
      "subresource_uris": Object {
        "media": "/2010-04-01/Accounts/ACe874663202cfbbaec4be1ba33869f421/Messages/SM1146c4dd52ca48028c24a331609cd838/Media.json",
      },
      "to": "+17788677755",
      "uri": "/2010-04-01/Accounts/ACe874663202cfbbaec4be1ba33869f421/Messages/SM1146c4dd52ca48028c24a331609cd838.json",
    },
    Object {
      "accountSid": "ACe874663202cfbbaec4be1ba33869f421",
      "account_sid": "ACe874663202cfbbaec4be1ba33869f421",
      "apiVersion": "2010-04-01",
      "api_version": "2010-04-01",
      "body": "Thanks Jatinder! You appointment with Sunshine Smiles Dental on July 8th at 6:45am is confirmed.",
      "dateCreated": "2017-07-05T17:00:39.000Z",
      "dateSent": "2017-07-05T17:00:39.000Z",
      "dateUpdated": "2017-07-05T17:00:39.000Z",
      "date_created": "Wed, 05 Jul 2017 17:00:39 +0000",
      "date_sent": "Wed, 05 Jul 2017 17:00:39 +0000",
      "date_updated": "Wed, 05 Jul 2017 17:00:39 +0000",
      "direction": "outbound-api",
      "errorCode": null,
      "errorMessage": null,
      "error_code": null,
      "error_message": null,
      "from": "+17786558613",
      "messagingServiceSid": null,
      "messaging_service_sid": null,
      "numMedia": "0",
      "numSegments": "1",
      "num_media": "0",
      "num_segments": "1",
      "price": "-0.00750",
      "priceUnit": "USD",
      "price_unit": "USD",
      "sid": "SMcfe5de4fc0654f4fbafc23e14cefc3b7",
      "status": "delivered",
      "subresourceUris": Object {
        "media": "/2010-04-01/Accounts/ACe874663202cfbbaec4be1ba33869f421/Messages/SMcfe5de4fc0654f4fbafc23e14cefc3b7/Media.json",
      },
      "subresource_uris": Object {
        "media": "/2010-04-01/Accounts/ACe874663202cfbbaec4be1ba33869f421/Messages/SMcfe5de4fc0654f4fbafc23e14cefc3b7/Media.json",
      },
      "to": "+16048076210",
      "uri": "/2010-04-01/Accounts/ACe874663202cfbbaec4be1ba33869f421/Messages/SMcfe5de4fc0654f4fbafc23e14cefc3b7.json",
    },
    Object {
      "accountSid": "ACe874663202cfbbaec4be1ba33869f421",
      "account_sid": "ACe874663202cfbbaec4be1ba33869f421",
      "apiVersion": "2010-04-01",
      "api_version": "2010-04-01",
      "body": "C",
      "dateCreated": "2017-07-05T17:00:36.000Z",
      "dateSent": "2017-07-05T17:00:37.000Z",
      "dateUpdated": "2017-07-05T17:00:37.000Z",
      "date_created": "Wed, 05 Jul 2017 17:00:36 +0000",
      "date_sent": "Wed, 05 Jul 2017 17:00:37 +0000",
      "date_updated": "Wed, 05 Jul 2017 17:00:37 +0000",
      "direction": "inbound",
      "errorCode": null,
      "errorMessage": null,
      "error_code": null,
      "error_message": null,
      "from": "+16048076210",
      "messagingServiceSid": null,
      "messaging_service_sid": null,
      "numMedia": "0",
      "numSegments": "1",
      "num_media": "0",
      "num_segments": "1",
      "price": "-0.00750",
      "priceUnit": "USD",
      "price_unit": "USD",
      "sid": "SM7fa99093c1f6d841b3a1ed15a8781ced",
      "status": "received",
      "subresourceUris": Object {
        "media": "/2010-04-01/Accounts/ACe874663202cfbbaec4be1ba33869f421/Messages/SM7fa99093c1f6d841b3a1ed15a8781ced/Media.json",
      },
      "subresource_uris": Object {
        "media": "/2010-04-01/Accounts/ACe874663202cfbbaec4be1ba33869f421/Messages/SM7fa99093c1f6d841b3a1ed15a8781ced/Media.json",
      },
      "to": "+17786558613",
      "uri": "/2010-04-01/Accounts/ACe874663202cfbbaec4be1ba33869f421/Messages/SM7fa99093c1f6d841b3a1ed15a8781ced.json",
    },
    Object {
      "accountSid": "ACe874663202cfbbaec4be1ba33869f421",
      "account_sid": "ACe874663202cfbbaec4be1ba33869f421",
      "apiVersion": "2010-04-01",
      "api_version": "2010-04-01",
      "body": "C",
      "dateCreated": "2017-07-05T16:55:17.000Z",
      "dateSent": "2017-07-05T16:55:17.000Z",
      "dateUpdated": "2017-07-05T16:55:17.000Z",
      "date_created": "Wed, 05 Jul 2017 16:55:17 +0000",
      "date_sent": "Wed, 05 Jul 2017 16:55:17 +0000",
      "date_updated": "Wed, 05 Jul 2017 16:55:17 +0000",
      "direction": "inbound",
      "errorCode": null,
      "errorMessage": null,
      "error_code": null,
      "error_message": null,
      "from": "+16048076210",
      "messagingServiceSid": null,
      "messaging_service_sid": null,
      "numMedia": "0",
      "numSegments": "1",
      "num_media": "0",
      "num_segments": "1",
      "price": "-0.00750",
      "priceUnit": "USD",
      "price_unit": "USD",
      "sid": "SM905a4411d618f4ad5d07e30020bb0eb3",
      "status": "received",
      "subresourceUris": Object {
        "media": "/2010-04-01/Accounts/ACe874663202cfbbaec4be1ba33869f421/Messages/SM905a4411d618f4ad5d07e30020bb0eb3/Media.json",
      },
      "subresource_uris": Object {
        "media": "/2010-04-01/Accounts/ACe874663202cfbbaec4be1ba33869f421/Messages/SM905a4411d618f4ad5d07e30020bb0eb3/Media.json",
      },
      "to": "+17786558613",
      "uri": "/2010-04-01/Accounts/ACe874663202cfbbaec4be1ba33869f421/Messages/SM905a4411d618f4ad5d07e30020bb0eb3.json",
    },
    Object {
      "accountSid": "ACe874663202cfbbaec4be1ba33869f421",
      "account_sid": "ACe874663202cfbbaec4be1ba33869f421",
      "apiVersion": "2010-04-01",
      "api_version": "2010-04-01",
      "body": "Jatinder, your next appointment with Sunshine Smiles Dental is on July 8th at 6:45am. Reply 'C' to confirm your appointment.",
      "dateCreated": "2017-07-05T16:54:05.000Z",
      "dateSent": "2017-07-05T16:54:05.000Z",
      "dateUpdated": "2017-07-05T16:54:05.000Z",
      "date_created": "Wed, 05 Jul 2017 16:54:05 +0000",
      "date_sent": "Wed, 05 Jul 2017 16:54:05 +0000",
      "date_updated": "Wed, 05 Jul 2017 16:54:05 +0000",
      "direction": "outbound-api",
      "errorCode": null,
      "errorMessage": null,
      "error_code": null,
      "error_message": null,
      "from": "+17786558613",
      "messagingServiceSid": null,
      "messaging_service_sid": null,
      "numMedia": "0",
      "numSegments": "1",
      "num_media": "0",
      "num_segments": "1",
      "price": "-0.00750",
      "priceUnit": "USD",
      "price_unit": "USD",
      "sid": "SM8538284f7411440a98b5acc035bbbf85",
      "status": "delivered",
      "subresourceUris": Object {
        "media": "/2010-04-01/Accounts/ACe874663202cfbbaec4be1ba33869f421/Messages/SM8538284f7411440a98b5acc035bbbf85/Media.json",
      },
      "subresource_uris": Object {
        "media": "/2010-04-01/Accounts/ACe874663202cfbbaec4be1ba33869f421/Messages/SM8538284f7411440a98b5acc035bbbf85/Media.json",
      },
      "to": "+16048076210",
      "uri": "/2010-04-01/Accounts/ACe874663202cfbbaec4be1ba33869f421/Messages/SM8538284f7411440a98b5acc035bbbf85.json",
    },
    Object {
      "accountSid": "ACe874663202cfbbaec4be1ba33869f421",
      "account_sid": "ACe874663202cfbbaec4be1ba33869f421",
      "apiVersion": "2010-04-01",
      "api_version": "2010-04-01",
      "body": "Y",
      "dateCreated": "2017-07-05T16:15:44.000Z",
      "dateSent": "2017-07-05T16:15:44.000Z",
      "dateUpdated": "2017-07-05T16:15:44.000Z",
      "date_created": "Wed, 05 Jul 2017 16:15:44 +0000",
      "date_sent": "Wed, 05 Jul 2017 16:15:44 +0000",
      "date_updated": "Wed, 05 Jul 2017 16:15:44 +0000",
      "direction": "inbound",
      "errorCode": null,
      "errorMessage": null,
      "error_code": null,
      "error_message": null,
      "from": "+17787130050",
      "messagingServiceSid": null,
      "messaging_service_sid": null,
      "numMedia": "0",
      "numSegments": "1",
      "num_media": "0",
      "num_segments": "1",
      "price": "-0.00750",
      "priceUnit": "USD",
      "price_unit": "USD",
      "sid": "SMe142a71b649b87bb30d9a85b095f1170",
      "status": "received",
      "subresourceUris": Object {
        "media": "/2010-04-01/Accounts/ACe874663202cfbbaec4be1ba33869f421/Messages/SMe142a71b649b87bb30d9a85b095f1170/Media.json",
      },
      "subresource_uris": Object {
        "media": "/2010-04-01/Accounts/ACe874663202cfbbaec4be1ba33869f421/Messages/SMe142a71b649b87bb30d9a85b095f1170/Media.json",
      },
      "to": "+17786558613",
      "uri": "/2010-04-01/Accounts/ACe874663202cfbbaec4be1ba33869f421/Messages/SMe142a71b649b87bb30d9a85b095f1170.json",
    },
    Object {
      "accountSid": "ACe874663202cfbbaec4be1ba33869f421",
      "account_sid": "ACe874663202cfbbaec4be1ba33869f421",
      "apiVersion": "2010-04-01",
      "api_version": "2010-04-01",
      "body": "What up",
      "dateCreated": "2017-07-05T16:14:45.000Z",
      "dateSent": "2017-07-05T16:14:45.000Z",
      "dateUpdated": "2017-07-05T16:14:45.000Z",
      "date_created": "Wed, 05 Jul 2017 16:14:45 +0000",
      "date_sent": "Wed, 05 Jul 2017 16:14:45 +0000",
      "date_updated": "Wed, 05 Jul 2017 16:14:45 +0000",
      "direction": "inbound",
      "errorCode": null,
      "errorMessage": null,
      "error_code": null,
      "error_message": null,
      "from": "+17787130050",
      "messagingServiceSid": null,
      "messaging_service_sid": null,
      "numMedia": "0",
      "numSegments": "1",
      "num_media": "0",
      "num_segments": "1",
      "price": "-0.00750",
      "priceUnit": "USD",
      "price_unit": "USD",
      "sid": "SMdb4861aae2e5fa2fa2159d6d2ec34434",
      "status": "received",
      "subresourceUris": Object {
        "media": "/2010-04-01/Accounts/ACe874663202cfbbaec4be1ba33869f421/Messages/SMdb4861aae2e5fa2fa2159d6d2ec34434/Media.json",
      },
      "subresource_uris": Object {
        "media": "/2010-04-01/Accounts/ACe874663202cfbbaec4be1ba33869f421/Messages/SMdb4861aae2e5fa2fa2159d6d2ec34434/Media.json",
      },
      "to": "+17786558613",
      "uri": "/2010-04-01/Accounts/ACe874663202cfbbaec4be1ba33869f421/Messages/SMdb4861aae2e5fa2fa2159d6d2ec34434.json",
    },
    Object {
      "accountSid": "ACe874663202cfbbaec4be1ba33869f421",
      "account_sid": "ACe874663202cfbbaec4be1ba33869f421",
      "apiVersion": "2010-04-01",
      "api_version": "2010-04-01",
      "body": "Test",
      "dateCreated": "2017-07-05T15:56:43.000Z",
      "dateSent": "2017-07-05T15:56:43.000Z",
      "dateUpdated": "2017-07-05T15:56:43.000Z",
      "date_created": "Wed, 05 Jul 2017 15:56:43 +0000",
      "date_sent": "Wed, 05 Jul 2017 15:56:43 +0000",
      "date_updated": "Wed, 05 Jul 2017 15:56:43 +0000",
      "direction": "outbound-api",
      "errorCode": null,
      "errorMessage": null,
      "error_code": null,
      "error_message": null,
      "from": "+17786558613",
      "messagingServiceSid": null,
      "messaging_service_sid": null,
      "numMedia": "0",
      "numSegments": "1",
      "num_media": "0",
      "num_segments": "1",
      "price": "-0.00750",
      "priceUnit": "USD",
      "price_unit": "USD",
      "sid": "SM9db879a7cbc2436aa95ad7a0a8e19e5d",
      "status": "delivered",
      "subresourceUris": Object {
        "media": "/2010-04-01/Accounts/ACe874663202cfbbaec4be1ba33869f421/Messages/SM9db879a7cbc2436aa95ad7a0a8e19e5d/Media.json",
      },
      "subresource_uris": Object {
        "media": "/2010-04-01/Accounts/ACe874663202cfbbaec4be1ba33869f421/Messages/SM9db879a7cbc2436aa95ad7a0a8e19e5d/Media.json",
      },
      "to": "+17787130050",
      "uri": "/2010-04-01/Accounts/ACe874663202cfbbaec4be1ba33869f421/Messages/SM9db879a7cbc2436aa95ad7a0a8e19e5d.json",
    },
    Object {
      "accountSid": "ACe874663202cfbbaec4be1ba33869f421",
      "account_sid": "ACe874663202cfbbaec4be1ba33869f421",
      "apiVersion": "2010-04-01",
      "api_version": "2010-04-01",
      "body": "Thanks Jatinder! You appointment with Sunshine Smiles Dental on July 7th at 10:00am is confirmed.",
      "dateCreated": "2017-07-04T23:44:38.000Z",
      "dateSent": "2017-07-04T23:44:38.000Z",
      "dateUpdated": "2017-07-04T23:44:39.000Z",
      "date_created": "Tue, 04 Jul 2017 23:44:38 +0000",
      "date_sent": "Tue, 04 Jul 2017 23:44:38 +0000",
      "date_updated": "Tue, 04 Jul 2017 23:44:39 +0000",
      "direction": "outbound-api",
      "errorCode": null,
      "errorMessage": null,
      "error_code": null,
      "error_message": null,
      "from": "+17786558613",
      "messagingServiceSid": null,
      "messaging_service_sid": null,
      "numMedia": "0",
      "numSegments": "1",
      "num_media": "0",
      "num_segments": "1",
      "price": "-0.00750",
      "priceUnit": "USD",
      "price_unit": "USD",
      "sid": "SM9c30ba241efa4768a4d6878c6c4affcc",
      "status": "delivered",
      "subresourceUris": Object {
        "media": "/2010-04-01/Accounts/ACe874663202cfbbaec4be1ba33869f421/Messages/SM9c30ba241efa4768a4d6878c6c4affcc/Media.json",
      },
      "subresource_uris": Object {
        "media": "/2010-04-01/Accounts/ACe874663202cfbbaec4be1ba33869f421/Messages/SM9c30ba241efa4768a4d6878c6c4affcc/Media.json",
      },
      "to": "+16048076210",
      "uri": "/2010-04-01/Accounts/ACe874663202cfbbaec4be1ba33869f421/Messages/SM9c30ba241efa4768a4d6878c6c4affcc.json",
    },
    Object {
      "accountSid": "ACe874663202cfbbaec4be1ba33869f421",
      "account_sid": "ACe874663202cfbbaec4be1ba33869f421",
      "apiVersion": "2010-04-01",
      "api_version": "2010-04-01",
      "body": "C",
      "dateCreated": "2017-07-04T23:44:37.000Z",
      "dateSent": "2017-07-04T23:44:37.000Z",
      "dateUpdated": "2017-07-04T23:44:37.000Z",
      "date_created": "Tue, 04 Jul 2017 23:44:37 +0000",
      "date_sent": "Tue, 04 Jul 2017 23:44:37 +0000",
      "date_updated": "Tue, 04 Jul 2017 23:44:37 +0000",
      "direction": "inbound",
      "errorCode": null,
      "errorMessage": null,
      "error_code": null,
      "error_message": null,
      "from": "+16048076210",
      "messagingServiceSid": null,
      "messaging_service_sid": null,
      "numMedia": "0",
      "numSegments": "1",
      "num_media": "0",
      "num_segments": "1",
      "price": "-0.00750",
      "priceUnit": "USD",
      "price_unit": "USD",
      "sid": "SMdc17a85529c935177d71110515e83b4f",
      "status": "received",
      "subresourceUris": Object {
        "media": "/2010-04-01/Accounts/ACe874663202cfbbaec4be1ba33869f421/Messages/SMdc17a85529c935177d71110515e83b4f/Media.json",
      },
      "subresource_uris": Object {
        "media": "/2010-04-01/Accounts/ACe874663202cfbbaec4be1ba33869f421/Messages/SMdc17a85529c935177d71110515e83b4f/Media.json",
      },
      "to": "+17786558613",
      "uri": "/2010-04-01/Accounts/ACe874663202cfbbaec4be1ba33869f421/Messages/SMdc17a85529c935177d71110515e83b4f.json",
    },
  ],
  "nextPageUri": "/2010-04-01/Accounts/ACe874663202cfbbaec4be1ba33869f421/Messages.json?PageSize=50&Page=1&PageToken=PASMdc17a85529c935177d71110515e83b4f",
  "next_page_uri": "/2010-04-01/Accounts/ACe874663202cfbbaec4be1ba33869f421/Messages.json?PageSize=50&Page=1&PageToken=PASMdc17a85529c935177d71110515e83b4f",
  "page": 0,
  "pageSize": 50,
  "page_size": 50,
  "previousPageUri": null,
  "previous_page_uri": null,
  "start": 0,
  "uri": "/2010-04-01/Accounts/ACe874663202cfbbaec4be1ba33869f421/Messages.json?PageSize=50&Page=0",
}
`;

exports[`/api/textMessages GET / retrieve text messages 1`] = `
Array [
  Object {
    "group": null,
    "reduction": Array [
      Object {
        "body": "Test Text Message",
        "chatId": "bca11507-4fca-4134-8ffe-e925b76e294e",
        "createdAt": "2017-07-19T00:14:30.932Z",
        "from": "604777777",
        "id": "ef6e0183-6173-494f-9937-1327edfa3b4e",
        "read": false,
        "to": "6049999999",
        "userId": "6668f250-e8c9-46e3-bfff-0249f1eec6b8",
      },
    ],
  },
]
`;
