// Jest Snapshot v1, https://goo.gl/fbAQLP

exports[`models/Account Data Validation should be able to save a Account without id provided 1`] = `
Object {
  "bookingWidgetPrimaryColor": null,
  "canSendRecalls": false,
  "canSendReminders": false,
  "city": null,
  "clinicName": null,
  "contactEmail": null,
  "country": null,
  "destinationPhoneNumber": null,
  "enterpriseId": "c5ab9bc0-f0e6-4538-99ae-2fe7f920abf4",
  "logo": null,
  "name": "Test Account",
  "phoneNumber": null,
  "state": null,
  "street": null,
  "timeInterval": null,
  "twilioPhoneNumber": null,
  "unit": 15,
  "vendastaId": null,
  "website": null,
  "weeklyScheduleId": null,
  "zipCode": null,
}
`;
