// Jest Snapshot v1, https://goo.gl/fbAQLP

exports[`models/Appointment Data Validation should be able to save a Appointment without id provided 1`] = `
Object {
  "accountId": "62954241-3652-4792-bae5-5bfed53d37b7",
  "chairId": null,
  "customBufferTime": null,
  "endDate": 2017-02-01T16:30:00.000Z,
  "isCancelled": false,
  "isDeleted": false,
  "isPatientConfirmed": false,
  "isReminderSent": false,
  "isSyncedWithPMS": false,
  "note": null,
  "patientId": null,
  "pmsId": null,
  "practitionerId": "88a2d812-3a4c-454c-9286-628556563bdc",
  "serviceId": null,
  "startDate": 2017-02-01T15:30:00.000Z,
}
`;
