// Jest Snapshot v1, https://goo.gl/fbAQLP

exports[`models/Call Data Validation should be able to save a Call without id provided 1`] = `
Object {
  "accountId": "62954241-3652-4792-bae5-5bfed53d37b7",
  "answered": null,
  "callSource": null,
  "callerCity": null,
  "callerCountry": null,
  "callerName": null,
  "callerNum": null,
  "callerState": null,
  "callerZip": null,
  "campaign": null,
  "destinationNum": "+17807807800",
  "direction": null,
  "duration": null,
  "id": "CallRailUniqueId",
  "patientId": null,
  "priorCalls": null,
  "recording": null,
  "recordingDuration": null,
  "startTime": null,
  "totalCalls": null,
  "trackingNum": null,
  "voicemail": null,
  "wasApptBooked": null,
}
`;
