// Jest Snapshot v1, https://goo.gl/fbAQLP

exports[`models/PatientUser Data Validation should be able to save a PatientUser without id provided 1`] = `
Object {
  "avatarUrl": null,
  "email": "user@test.com",
  "firstName": "Test",
  "isEmailConfirmed": false,
  "isPhoneNumberConfirmed": false,
  "lastName": "Patient User",
  "password": "test",
  "patientUserId": null,
  "phoneNumber": "+18887774444",
}
`;
