// Jest Snapshot v1, https://goo.gl/fbAQLP

exports[`models/Practitioner Data Validation should be able to save a Practitioner without id provided 1`] = `
Object {
  "accountId": "62954241-3652-4792-bae5-5bfed53d37b7",
  "avatarUrl": null,
  "firstName": "Test",
  "isActive": true,
  "isCustomSchedule": false,
  "isHidden": false,
  "lastName": "Practitioner",
  "pmsId": null,
  "type": null,
  "weeklyScheduleId": null,
}
`;
