// Jest Snapshot v1, https://goo.gl/fbAQLP

exports[`models/Request Data Validation should be able to save a Request without id provided 1`] = `
Object {
  "accountId": "62954241-3652-4792-bae5-5bfed53d37b7",
  "appointmentId": null,
  "chairId": null,
  "endDate": 2017-02-01T16:30:00.000Z,
  "isCancelled": false,
  "isConfirmed": false,
  "note": null,
  "patientUserId": "88a2d812-3a4c-454c-9286-628556563bdc",
  "practitionerId": null,
  "serviceId": "99a2d812-3a4c-454c-9286-628556563bdc",
  "startDate": 2017-02-01T15:30:00.000Z,
}
`;
