// Jest Snapshot v1, https://goo.gl/fbAQLP

exports[`models/Service Data Validation should be able to save a Service without id provided 1`] = `
Object {
  "accountId": "62954241-3652-4792-bae5-5bfed53d37b7",
  "bufferTime": null,
  "duration": 30,
  "isDefault": true,
  "isHidden": false,
  "name": "Test Service",
  "pmsId": null,
  "unitCost": null,
}
`;
