// Jest Snapshot v1, https://goo.gl/fbAQLP

exports[`models/SyncClientVersion Data Validation should be able to save a SyncClientVersion without id provided 1`] = `
Object {
  "bucket": null,
  "build": 1.4,
  "filename": null,
  "key": null,
  "major": 1.2,
  "minor": 1.1,
  "patch": 1.13,
  "path": null,
  "secret": null,
  "url": "cats",
}
`;
