// Jest Snapshot v1, https://goo.gl/fbAQLP

exports[`models/SyncClientError Data Validation should be able to save a SyncClientError without id provided 1`] = `
Object {
  "accountId": "62954241-3652-4792-bae5-5bfed53d37b7",
  "adapter": null,
  "customErrorMsg": null,
  "documentId": null,
  "errorMessage": null,
  "model": null,
  "operation": "sync",
  "payload": null,
  "stackTrace": null,
  "success": null,
  "syncId": 111,
  "version": null,
}
`;
