// Jest Snapshot v1, https://goo.gl/fbAQLP

exports[`models/TextMessage Data Validation should be able to save a TextMessage without id provided 1`] = `
Object {
  "accountSid": null,
  "apiVersion": null,
  "body": null,
  "chatId": "88a2d812-3a4c-454c-9286-628556563bdc",
  "dateCreated": null,
  "dateUpdated": null,
  "from": "+17807807800",
  "fromCity": null,
  "fromCountry": null,
  "fromState": null,
  "fromZip": null,
  "id": "uniqueSidFromTwilio",
  "mediaData": null,
  "numMedia": null,
  "numSegments": null,
  "read": false,
  "smsStatus": null,
  "to": "+17807807800",
  "toCity": null,
  "toCountry": null,
  "toState": null,
  "toZip": null,
  "userId": null,
}
`;
