// Jest Snapshot v1, https://goo.gl/fbAQLP

exports[`models/User Data Validation should be able to save a User without id provided 1`] = `
Object {
  "activeAccountId": "62954241-3652-4792-bae5-5bfed53d37b7",
  "avatarUrl": null,
  "enterpriseId": "c5ab9bc0-f0e6-4538-99ae-2fe7f920abf4",
  "firstName": "Harvey",
  "lastName": "Dentest",
  "password": "test",
  "permissionId": "1962893f-a1fc-4230-a034-7ad50199cc98",
  "username": "user@test.com",
}
`;
