// Jest Snapshot v1, https://goo.gl/fbAQLP

exports[`models/WaitSpot Data Validation should be able to save a WaitSpot without id provided 1`] = `
Object {
  "accountId": "62954241-3652-4792-bae5-5bfed53d37b7",
  "endDate": 2017-09-01T13:30:00.000Z,
  "patientId": null,
  "patientUserId": "88a2d812-3a4c-454c-9286-628556563bdc",
  "preferences": Object {
    "afternoons": true,
    "evenings": true,
    "mornings": true,
    "weekdays": true,
    "weekends": true,
  },
  "unavailableDays": Array [
    "2017-09-01",
  ],
}
`;
