// Jest Snapshot v1, https://goo.gl/fbAQLP

exports[`models/WeeklySchedule Data Validation should be able to save a WeeklySchedule without id provided 1`] = `
Object {
  "friday": Object {
    "breaks": Array [],
    "chairIds": Array [],
    "endTime": "17:00:00",
    "isClosed": false,
    "pmsScheduleId": null,
    "startTime": "08:00:00",
  },
  "isAdvanced": false,
  "monday": Object {
    "breaks": Array [],
    "chairIds": Array [],
    "endTime": "17:00:00",
    "isClosed": false,
    "pmsScheduleId": null,
    "startTime": "08:00:00",
  },
  "saturday": Object {
    "breaks": Array [],
    "chairIds": Array [],
    "endTime": "17:00:00",
    "isClosed": false,
    "pmsScheduleId": null,
    "startTime": "08:00:00",
  },
  "startDate": null,
  "sunday": Object {
    "breaks": Array [],
    "chairIds": Array [],
    "endTime": "17:00:00",
    "isClosed": false,
    "pmsScheduleId": null,
    "startTime": "08:00:00",
  },
  "thursday": Object {
    "breaks": Array [],
    "chairIds": Array [],
    "endTime": "17:00:00",
    "isClosed": false,
    "pmsScheduleId": null,
    "startTime": "08:00:00",
  },
  "tuesday": Object {
    "breaks": Array [],
    "chairIds": Array [],
    "endTime": "17:00:00",
    "isClosed": false,
    "pmsScheduleId": null,
    "startTime": "08:00:00",
  },
  "wednesday": Object {
    "breaks": Array [],
    "chairIds": Array [],
    "endTime": "17:00:00",
    "isClosed": false,
    "pmsScheduleId": null,
    "startTime": "08:00:00",
  },
  "weeklySchedules": null,
}
`;
